10:59:49.368 [main                     ] DEBUG Logger               - Configured Logger
10:59:49.373 [main                     ] DEBUG GameApplication      - Logging settings
Title: RoyalWar
Version: 0.0
Width: 1024
Height: 768
Fullscreen: false
Intro: false
Profiling: false
Single step:false
App Mode: DEVELOPER
Menu Key: ESCAPE
Stage Style: DECORATED
Scene Factory: class com.almasb.fxgl.app.scene.SceneFactory

10:59:49.481 [JavaFX Application Thread] DEBUG FXGLApplication      - Initializing FXGL
10:59:49.485 [JavaFX Application Thread] INFO  Engine               - FXGL-21.1 (26.03.2024 17.33) on WINDOWS (J:24.0.1 FX:21.0.1)
10:59:49.485 [JavaFX Application Thread] DEBUG Engine               - JRE Vendor Name: Oracle Corporation
10:59:49.485 [JavaFX Application Thread] DEBUG Engine               - Running on OS: Windows 11 version 10.0
10:59:49.485 [JavaFX Application Thread] DEBUG Engine               - Architecture: amd64
10:59:49.485 [JavaFX Application Thread] INFO  Engine               - Source code and latest versions at: https://github.com/AlmasB/FXGL
10:59:49.485 [JavaFX Application Thread] INFO  Engine               -       Ask questions and discuss at: https://github.com/AlmasB/FXGL/discussions
10:59:49.486 [JavaFX Application Thread] INFO  Engine               -              Join the FXGL chat at: https://gitter.im/AlmasB/FXGL
10:59:49.574 [JavaFX Application Thread] DEBUG PrimaryStageWindow   - Creating a JavaFX scene
10:59:49.637 [JavaFX Application Thread] DEBUG PrimaryStageWindow   - Target settings size: 1024.0 x 768.0
10:59:49.637 [JavaFX Application Thread] DEBUG PrimaryStageWindow   - Scaled scene size:    1024.0 x 768.0
10:59:49.637 [JavaFX Application Thread] DEBUG PrimaryStageWindow   - Scaled ratio: (1.0, 1.0)
10:59:49.639 [JavaFX Application Thread] DEBUG PrimaryStageWindow   - Set initial scene to FXGLStartupScene
10:59:49.646 [JavaFX Application Thread] DEBUG PrimaryStageWindow   - Opening main window
10:59:49.785 [JavaFX Application Thread] DEBUG PrimaryStageWindow   - Window border size: (14.4000244140625, 37.5999755859375)
10:59:49.786 [JavaFX Application Thread] DEBUG PrimaryStageWindow   - Scaled size: 1024.0 x 768.0
10:59:49.786 [JavaFX Application Thread] DEBUG PrimaryStageWindow   - Scaled ratio: (1.0, 1.0)
10:59:49.786 [JavaFX Application Thread] DEBUG PrimaryStageWindow   - Scene size: 1024.0 x 768.0
10:59:49.786 [JavaFX Application Thread] DEBUG PrimaryStageWindow   - Stage size: 1038.4000244140625 x 805.5999755859375
10:59:49.795 [FXGL Background Thread 1 ] DEBUG Engine               - Initializing environment variables
10:59:49.864 [FXGL Background Thread 1 ] DEBUG FXGLAssetLoaderServi - User app class for loading assets: class RoyalWarApp
10:59:49.864 [FXGL Background Thread 1 ] DEBUG GameApplicationServi - Applying CSS: fxgl_dark.css
10:59:49.865 [FXGL Background Thread 1 ] DEBUG FXGLAssetLoaderServi - Loading from file system: jar:file:/C:/Users/ClivkRayaneh/Desktop/fxgl-21.1-uber.jar!/fxglassets/ui/css/fxgl_dark.css
10:59:49.925 [FXGL Background Thread 1 ] DEBUG GameApplicationServi - Initializing application scenes
10:59:50.035 [FXGL Background Thread 1 ] DEBUG GameWorld            - Game world initialized
10:59:50.085 [FXGL Background Thread 1 ] DEBUG PhysicsWorld         - Physics world initialized: appHeight=768, physics.ppm=50.0
10:59:50.086 [FXGL Background Thread 1 ] DEBUG PhysicsWorld         - Using strategy: BRUTE_FORCE
10:59:50.090 [FXGL Background Thread 1 ] DEBUG GameScene            - Game scene initialized: 1024x768
10:59:50.106 [FXGL Background Thread 1 ] DEBUG FXGL.DefaultMenu     - createMenuBodyGameMenu()
10:59:50.120 [FXGL Background Thread 1 ] DEBUG FXGL.DefaultMenu     - createOptionsMenu()
10:59:50.131 [FXGL Background Thread 1 ] DEBUG FXGLAssetLoaderServi - Loading from file system: jar:file:/C:/Users/ClivkRayaneh/Desktop/fxgl-21.1-uber.jar!/fxglassets/textures/particles/smoke.png
10:59:50.333 [FXGL Background Thread 1 ] DEBUG FXGLAssetLoaderServi - Loading from file system: jar:file:/C:/Users/ClivkRayaneh/Desktop/fxgl-21.1-uber.jar!/fxglassets/textures/particles/trace_horizontal.png
10:59:50.358 [FXGL Background Thread 1 ] DEBUG GameApplicationServi - Application scenes initialized
10:59:50.373 [FXGL Background Thread 1 ] DEBUG SystemBundleService  - Loading FXGL system data
10:59:50.374 [FXGL Background Thread 1 ] DEBUG FileSystemAccess     - Reading from: C:\Users\ClivkRayaneh\Desktop\code\java&C\game AP\RoyalWar\system\fxgl.bundle
10:59:50.375 [FXGL Background Thread 1 ] DEBUG SystemBundleService  - Bundle FXGL: {}
10:59:50.376 [FXGL Background Thread 1 ] DEBUG UpdaterService       - Checking for updates
10:59:50.496 [FXGL Background Thread 1 ] DEBUG FXGLApplication      - Loading default localization
10:59:50.496 [FXGL Background Thread 4 ] DEBUG FXGLApplication      - Loading fonts
10:59:50.497 [FXGL Background Thread 1 ] DEBUG FXGLAssetLoaderServi - Loading from file system: jar:file:/C:/Users/ClivkRayaneh/Desktop/fxgl-21.1-uber.jar!/fxglassets/languages/english.lang
10:59:50.498 [FXGL Background Thread 4 ] DEBUG FXGLAssetLoaderServi - Loading from file system: jar:file:/C:/Users/ClivkRayaneh/Desktop/fxgl-21.1-uber.jar!/fxglassets/ui/fonts/VarelaRound-Regular.ttf
10:59:50.511 [FXGL Background Thread 4 ] DEBUG FXGLAssetLoaderServi - Loading from file system: jar:file:/C:/Users/ClivkRayaneh/Desktop/fxgl-21.1-uber.jar!/fxglassets/ui/fonts/Abel-Regular.ttf
10:59:50.514 [FXGL Background Thread 4 ] DEBUG FXGLAssetLoaderServi - Loading from file system: jar:file:/C:/Users/ClivkRayaneh/Desktop/fxgl-21.1-uber.jar!/fxglassets/ui/fonts/TerminalLandMono-Regular.otf
10:59:50.518 [FXGL Background Thread 4 ] DEBUG FXGLAssetLoaderServi - Loading from file system: jar:file:/C:/Users/ClivkRayaneh/Desktop/fxgl-21.1-uber.jar!/fxglassets/ui/fonts/Courier-Prime.ttf
10:59:50.534 [JavaFX Application Thread] DEBUG FXGLApplication      - Registering font factories with UI factory
10:59:50.577 [FXGL Background Thread 1 ] INFO  FXGLApplication      - FXGL initialization took: 0.782 sec
10:59:50.586 [JavaFX Application Thread] DEBUG Input                - Registered new binding: action0 - W
10:59:50.586 [JavaFX Application Thread] DEBUG Input                - Registered new binding: action1 - S
10:59:50.587 [JavaFX Application Thread] DEBUG Input                - Registered new binding: action2 - A
10:59:50.587 [JavaFX Application Thread] DEBUG Input                - Registered new binding: action3 - D
10:59:50.588 [JavaFX Application Thread] DEBUG Input                - Registered new binding: action4 - E
10:59:50.588 [JavaFX Application Thread] DEBUG Input                - Registered new binding: action5 - H
10:59:50.588 [JavaFX Application Thread] DEBUG Input                - Registered new binding: action6 - L
10:59:50.588 [JavaFX Application Thread] DEBUG FXGLAssetLoaderServi - Loading from file system: jar:file:/C:/Users/ClivkRayaneh/Desktop/fxgl-21.1-uber.jar!/fxglassets/textures/fxgl_icon.png
10:59:50.622 [JavaFX Application Thread] DEBUG FXGLAssetLoaderServi - Loading from file system: jar:file:/C:/Users/ClivkRayaneh/Desktop/fxgl-21.1-uber.jar!/fxglassets/textures/fxgl_default_cursor.png
10:59:50.625 [JavaFX Application Thread] DEBUG Input                - Registered new binding: Screenshot - CTRL+8
10:59:50.626 [JavaFX Application Thread] DEBUG Input                - Registered new binding: Dev Options - 1
10:59:50.626 [JavaFX Application Thread] DEBUG Input                - Registered new binding: Dev Console - 2
10:59:50.627 [JavaFX Application Thread] DEBUG Input                - Registered new binding: System info dump - CTRL+9
10:59:50.627 [JavaFX Application Thread] DEBUG Input                - Registered new binding: Restart - CTRL+R
10:59:50.628 [JavaFX Application Thread] DEBUG Input                - Registered new binding: Toggle Debug Camera - CTRL+7
10:59:50.634 [JavaFX Application Thread] DEBUG LoopRunner           - Starting loop
10:59:50.647 [JavaFX Application Thread] DEBUG LoopRunner           - Initializing JavaFX AnimationTimerLoop
10:59:50.649 [JavaFX Application Thread] DEBUG GameApplicationServi - Starting new game
10:59:50.649 [JavaFX Application Thread] DEBUG Input                - Clearing active input actions
10:59:50.665 [JavaFX Application Thread] DEBUG GameApplicationServi - Removing overlay from FXGLStartupScene and adding to FXGLLoadingScene
10:59:50.669 [JavaFX Application Thread] DEBUG PrimaryStageWindow   - FXGLStartupScene -> FXGLLoadingScene
10:59:50.669 [JavaFX Application Thread] DEBUG GameApplicationServi - Clearing previous game
10:59:50.669 [JavaFX Application Thread] DEBUG GameScene            - Clearing game scene
10:59:50.669 [JavaFX Application Thread] DEBUG GameWorld            - Clearing game world
10:59:50.669 [JavaFX Application Thread] DEBUG PhysicsWorld         - Clearing physics world
10:59:50.671 [FXGL Background Thread 1 ] DEBUG FXGLApplication      - Initializing game
10:59:50.674 [FXGL Background Thread 1 ] INFO  FXGLApplication      - Game initialization took: 0.003 sec
10:59:51.012 [JavaFX Application Thread] DEBUG Input                - Clearing active input actions
10:59:51.021 [JavaFX Application Thread] DEBUG GameApplicationServi - Removing overlay from FXGLLoadingScene and adding to GameScene
10:59:51.028 [JavaFX Application Thread] DEBUG PrimaryStageWindow   - FXGLLoadingScene -> GameScene
10:59:53.486 [FXGL Background Thread 3 ] DEBUG Engine               - Logging environment variables
10:59:53.487 [FXGL Background Thread 3 ] DEBUG Engine               - achievements: []
10:59:53.487 [FXGL Background Thread 3 ] DEBUG Engine               - actualHeight: 768.0
10:59:53.487 [FXGL Background Thread 3 ] DEBUG Engine               - actualHeightProperty: ReadOnlyDoubleProperty [value: 768.0]
10:59:53.487 [FXGL Background Thread 3 ] DEBUG Engine               - actualWidth: 1024.0
10:59:53.487 [FXGL Background Thread 3 ] DEBUG Engine               - actualWidthProperty: ReadOnlyDoubleProperty [value: 1024.0]
10:59:53.488 [FXGL Background Thread 3 ] DEBUG Engine               - appIcon: fxgl_icon.png
10:59:53.488 [FXGL Background Thread 3 ] DEBUG Engine               - applicationMode: DEVELOPER
10:59:53.488 [FXGL Background Thread 3 ] DEBUG Engine               - cSSList: [fxgl_dark.css]
10:59:53.488 [FXGL Background Thread 3 ] DEBUG Engine               - collisionDetectionStrategy: BRUTE_FORCE
10:59:53.488 [FXGL Background Thread 3 ] DEBUG Engine               - configClass: Optional.empty
10:59:53.488 [FXGL Background Thread 3 ] DEBUG Engine               - credits: []
10:59:53.489 [FXGL Background Thread 3 ] DEBUG Engine               - defaultCursor: CursorInfo(imageName=fxgl_default_cursor.png, hotspotX=7.0, hotspotY=6.0)
10:59:53.489 [FXGL Background Thread 3 ] DEBUG Engine               - devBBoxColorProperty: ObjectProperty [value: 0xff0000ff]
10:59:53.489 [FXGL Background Thread 3 ] DEBUG Engine               - devEnableDebugCameraProperty: BooleanProperty [value: false]
10:59:53.490 [FXGL Background Thread 3 ] DEBUG Engine               - devSensorColorProperty: ObjectProperty [value: 0xffff00ff]
10:59:53.490 [FXGL Background Thread 3 ] DEBUG Engine               - devShowBBoxProperty: BooleanProperty [value: false]
10:59:53.490 [FXGL Background Thread 3 ] DEBUG Engine               - devShowPositionProperty: BooleanProperty [value: false]
10:59:53.490 [FXGL Background Thread 3 ] DEBUG Engine               - enabledMenuItems: []
10:59:53.490 [FXGL Background Thread 3 ] DEBUG Engine               - engineServices: [class com.almasb.fxgl.app.services.FXGLAssetLoaderService, class com.almasb.fxgl.app.FXGLApplication$GameApplicationService, class com.almasb.fxgl.app.services.FXGLDialogService, class com.almasb.fxgl.app.services.IOTaskExecutorService, class com.almasb.fxgl.io.FileSystemService, class com.almasb.fxgl.localization.LocalizationService, class com.almasb.fxgl.app.services.SystemBundleService, class com.almasb.fxgl.profile.SaveLoadService, class com.almasb.fxgl.ui.FXGLUIFactoryServiceProvider, class com.almasb.fxgl.ui.FXGLDialogFactoryServiceProvider, class com.almasb.fxgl.audio.AudioPlayer, class com.almasb.fxgl.notification.impl.NotificationServiceProvider, class com.almasb.fxgl.achievement.AchievementService, class com.almasb.fxgl.cutscene.CutsceneService, class com.almasb.fxgl.minigames.MiniGameService, class com.almasb.fxgl.net.NetService, class com.almasb.fxgl.app.services.UpdaterService, class com.almasb.fxgl.dev.DevService]
10:59:53.490 [FXGL Background Thread 3 ] DEBUG Engine               - fontGame: Abel-Regular.ttf
10:59:53.490 [FXGL Background Thread 3 ] DEBUG Engine               - fontMono: TerminalLandMono-Regular.otf
10:59:53.490 [FXGL Background Thread 3 ] DEBUG Engine               - fontSizeScaleUI: 1.0
10:59:53.490 [FXGL Background Thread 3 ] DEBUG Engine               - fontText: Courier-Prime.ttf
10:59:53.490 [FXGL Background Thread 3 ] DEBUG Engine               - fontUI: VarelaRound-Regular.ttf
10:59:53.490 [FXGL Background Thread 3 ] DEBUG Engine               - fullScreen: BooleanProperty [value: false]
10:59:53.490 [FXGL Background Thread 3 ] DEBUG Engine               - gameDifficulty: MEDIUM
10:59:53.490 [FXGL Background Thread 3 ] DEBUG Engine               - gameDifficultyProperty: ObjectProperty [value: MEDIUM]
10:59:53.490 [FXGL Background Thread 3 ] DEBUG Engine               - globalMusicVolume: 0.5
10:59:53.490 [FXGL Background Thread 3 ] DEBUG Engine               - globalMusicVolumeProperty: DoubleProperty [value: 0.5]
10:59:53.491 [FXGL Background Thread 3 ] DEBUG Engine               - globalSoundVolume: 0.5
10:59:53.491 [FXGL Background Thread 3 ] DEBUG Engine               - globalSoundVolumeProperty: DoubleProperty [value: 0.5]
10:59:53.491 [FXGL Background Thread 3 ] DEBUG Engine               - height: 768
10:59:53.491 [FXGL Background Thread 3 ] DEBUG Engine               - is3D: false
10:59:53.491 [FXGL Background Thread 3 ] DEBUG Engine               - isAndroid: false
10:59:53.491 [FXGL Background Thread 3 ] DEBUG Engine               - isBrowser: false
10:59:53.491 [FXGL Background Thread 3 ] DEBUG Engine               - isClickFeedbackEnabled: false
10:59:53.491 [FXGL Background Thread 3 ] DEBUG Engine               - isCloseConfirmation: false
10:59:53.491 [FXGL Background Thread 3 ] DEBUG Engine               - isDesktop: true
10:59:53.491 [FXGL Background Thread 3 ] DEBUG Engine               - isDeveloperMenuEnabled: true
10:59:53.491 [FXGL Background Thread 3 ] DEBUG Engine               - isEmbedded: false
10:59:53.492 [FXGL Background Thread 3 ] DEBUG Engine               - isEntityPreloadEnabled: true
10:59:53.492 [FXGL Background Thread 3 ] DEBUG Engine               - isExperimentalTiledLargeMap: false
10:59:53.492 [FXGL Background Thread 3 ] DEBUG Engine               - isFileSystemWriteAllowed: true
10:59:53.492 [FXGL Background Thread 3 ] DEBUG Engine               - isFullScreenAllowed: false
10:59:53.492 [FXGL Background Thread 3 ] DEBUG Engine               - isFullScreenFromStart: false
10:59:53.492 [FXGL Background Thread 3 ] DEBUG Engine               - isGameMenuEnabled: true
10:59:53.492 [FXGL Background Thread 3 ] DEBUG Engine               - isIOS: false
10:59:53.492 [FXGL Background Thread 3 ] DEBUG Engine               - isIntroEnabled: false
10:59:53.492 [FXGL Background Thread 3 ] DEBUG Engine               - isLinux: false
10:59:53.492 [FXGL Background Thread 3 ] DEBUG Engine               - isMac: false
10:59:53.492 [FXGL Background Thread 3 ] DEBUG Engine               - isMainMenuEnabled: false
10:59:53.492 [FXGL Background Thread 3 ] DEBUG Engine               - isManualResizeEnabled: false
10:59:53.492 [FXGL Background Thread 3 ] DEBUG Engine               - isMobile: false
10:59:53.492 [FXGL Background Thread 3 ] DEBUG Engine               - isNative: false
10:59:53.492 [FXGL Background Thread 3 ] DEBUG Engine               - isPauseMusicWhenMinimized: true
10:59:53.492 [FXGL Background Thread 3 ] DEBUG Engine               - isPreserveResizeRatio: false
10:59:53.492 [FXGL Background Thread 3 ] DEBUG Engine               - isProfilingEnabled: false
10:59:53.492 [FXGL Background Thread 3 ] DEBUG Engine               - isScaleAffectedOnResize: true
10:59:53.492 [FXGL Background Thread 3 ] DEBUG Engine               - isSingleStep: false
10:59:53.492 [FXGL Background Thread 3 ] DEBUG Engine               - isUserProfileEnabled: false
10:59:53.492 [FXGL Background Thread 3 ] DEBUG Engine               - isWindows: true
10:59:53.492 [FXGL Background Thread 3 ] DEBUG Engine               - language: ObjectProperty [value: ENGLISH]
10:59:53.492 [FXGL Background Thread 3 ] DEBUG Engine               - menuKey: ESCAPE
10:59:53.492 [FXGL Background Thread 3 ] DEBUG Engine               - mouseSensitivity: 0.2
10:59:53.492 [FXGL Background Thread 3 ] DEBUG Engine               - notificationViewClass: class com.almasb.fxgl.notification.view.XboxNotificationView
10:59:53.493 [FXGL Background Thread 3 ] DEBUG Engine               - pixelsPerMeter: 50.0
10:59:53.493 [FXGL Background Thread 3 ] DEBUG Engine               - platform: WINDOWS
10:59:53.493 [FXGL Background Thread 3 ] DEBUG Engine               - prefHeightProperty: ReadOnlyDoubleProperty [value: 768.0]
10:59:53.493 [FXGL Background Thread 3 ] DEBUG Engine               - prefWidthProperty: ReadOnlyDoubleProperty [value: 1024.0]
10:59:53.493 [FXGL Background Thread 3 ] DEBUG Engine               - profileDir: profiles/
10:59:53.493 [FXGL Background Thread 3 ] DEBUG Engine               - profileName: StringProperty [value: DEFAULT]
10:59:53.493 [FXGL Background Thread 3 ] DEBUG Engine               - randomSeed: -1
10:59:53.493 [FXGL Background Thread 3 ] DEBUG Engine               - runtimeInfo: RuntimeInfo(platform=WINDOWS, version=21.1, build=26.03.2024 17.33)
10:59:53.493 [FXGL Background Thread 3 ] DEBUG Engine               - saveFileExt: sav
10:59:53.493 [FXGL Background Thread 3 ] DEBUG Engine               - scaledHeightProp$fxgl: DoubleProperty [bound, value: 768.0]
10:59:53.493 [FXGL Background Thread 3 ] DEBUG Engine               - scaledWidthProp$fxgl: DoubleProperty [bound, value: 1024.0]
10:59:53.493 [FXGL Background Thread 3 ] DEBUG Engine               - sceneFactory: com.almasb.fxgl.app.scene.SceneFactory@5e26a173
10:59:53.493 [FXGL Background Thread 3 ] DEBUG Engine               - secondsIn24h: 60
10:59:53.493 [FXGL Background Thread 3 ] DEBUG Engine               - soundMenuBack: menu/back.wav
10:59:53.493 [FXGL Background Thread 3 ] DEBUG Engine               - soundMenuPress: menu/press.wav
10:59:53.493 [FXGL Background Thread 3 ] DEBUG Engine               - soundMenuSelect: menu/select.wav
10:59:53.493 [FXGL Background Thread 3 ] DEBUG Engine               - soundNotification: core/notification.wav
10:59:53.494 [FXGL Background Thread 3 ] DEBUG Engine               - stageStyle: DECORATED
10:59:53.494 [FXGL Background Thread 3 ] DEBUG Engine               - supportedLanguages: [ENGLISH, FRENCH, GERMAN, HUNGARIAN, RUSSIAN]
10:59:53.494 [FXGL Background Thread 3 ] DEBUG Engine               - ticksPerSecond: -1
10:59:53.494 [FXGL Background Thread 3 ] DEBUG Engine               - title: RoyalWar
10:59:53.494 [FXGL Background Thread 3 ] DEBUG Engine               - urlGithub: https://github.com/AlmasB/FXGL
10:59:53.494 [FXGL Background Thread 3 ] DEBUG Engine               - urlLeaderboard: http://fxgl-top.herokuapp.com/
10:59:53.494 [FXGL Background Thread 3 ] DEBUG Engine               - urlPOM: https://raw.githubusercontent.com/AlmasB/FXGL/release/README.md
10:59:53.494 [FXGL Background Thread 3 ] DEBUG Engine               - userAppClass: class RoyalWarApp
10:59:53.494 [FXGL Background Thread 3 ] DEBUG Engine               - version: 0.0
10:59:53.494 [FXGL Background Thread 3 ] DEBUG Engine               - versionCheckDays: 7
10:59:53.494 [FXGL Background Thread 3 ] DEBUG Engine               - width: 1024
10:59:53.494 [FXGL Background Thread 3 ] DEBUG Engine               - Logging services
10:59:53.494 [FXGL Background Thread 3 ] DEBUG Engine               - class com.almasb.fxgl.app.services.FXGLAssetLoaderService
10:59:53.494 [FXGL Background Thread 3 ] DEBUG Engine               - class com.almasb.fxgl.app.FXGLApplication$GameApplicationService
10:59:53.494 [FXGL Background Thread 3 ] DEBUG Engine               - class com.almasb.fxgl.app.services.FXGLDialogService
10:59:53.494 [FXGL Background Thread 3 ] DEBUG Engine               - class com.almasb.fxgl.app.services.IOTaskExecutorService
10:59:53.494 [FXGL Background Thread 3 ] DEBUG Engine               - class com.almasb.fxgl.io.FileSystemService
10:59:53.494 [FXGL Background Thread 3 ] DEBUG Engine               - class com.almasb.fxgl.localization.LocalizationService
10:59:53.494 [FXGL Background Thread 3 ] DEBUG Engine               - class com.almasb.fxgl.app.services.SystemBundleService
10:59:53.494 [FXGL Background Thread 3 ] DEBUG Engine               - class com.almasb.fxgl.profile.SaveLoadService
10:59:53.494 [FXGL Background Thread 3 ] DEBUG Engine               - class com.almasb.fxgl.ui.FXGLUIFactoryServiceProvider
10:59:53.494 [FXGL Background Thread 3 ] DEBUG Engine               - class com.almasb.fxgl.ui.FXGLDialogFactoryServiceProvider
10:59:53.494 [FXGL Background Thread 3 ] DEBUG Engine               - class com.almasb.fxgl.audio.AudioPlayer
10:59:53.494 [FXGL Background Thread 3 ] DEBUG Engine               - class com.almasb.fxgl.notification.impl.NotificationServiceProvider
10:59:53.494 [FXGL Background Thread 3 ] DEBUG Engine               - class com.almasb.fxgl.achievement.AchievementService
10:59:53.494 [FXGL Background Thread 3 ] DEBUG Engine               - class com.almasb.fxgl.cutscene.CutsceneService
10:59:53.494 [FXGL Background Thread 3 ] DEBUG Engine               - class com.almasb.fxgl.minigames.MiniGameService
10:59:53.494 [FXGL Background Thread 3 ] DEBUG Engine               - class com.almasb.fxgl.net.NetService
10:59:53.494 [FXGL Background Thread 3 ] DEBUG Engine               - class com.almasb.fxgl.app.services.UpdaterService
10:59:53.494 [FXGL Background Thread 3 ] DEBUG Engine               - class com.almasb.fxgl.dev.DevService
10:59:56.032 [JavaFX Application Thread] DEBUG PrimaryStageWindow   - Push state: DialogSubScene
10:59:56.033 [JavaFX Application Thread] DEBUG Input                - Clearing active input actions
10:59:56.033 [JavaFX Application Thread] DEBUG GameApplicationServi - Removing overlay from GameScene and adding to DialogSubScene
10:59:56.035 [JavaFX Application Thread] DEBUG PrimaryStageWindow   - GameScene -> DialogSubScene
10:59:57.081 [JavaFX Application Thread] DEBUG PrimaryStageWindow   - Pop state: DialogSubScene
10:59:57.081 [JavaFX Application Thread] DEBUG Input                - Clearing active input actions
10:59:57.082 [JavaFX Application Thread] DEBUG GameApplicationServi - Removing overlay from DialogSubScene and adding to GameScene
10:59:57.084 [JavaFX Application Thread] DEBUG PrimaryStageWindow   - GameScene <- DialogSubScene
11:00:03.360 [JavaFX Application Thread] DEBUG PrimaryStageWindow   - Push state: DialogSubScene
11:00:03.360 [JavaFX Application Thread] DEBUG Input                - Clearing active input actions
11:00:03.360 [JavaFX Application Thread] DEBUG GameApplicationServi - Removing overlay from GameScene and adding to DialogSubScene
11:00:03.361 [JavaFX Application Thread] DEBUG PrimaryStageWindow   - GameScene -> DialogSubScene
11:00:04.238 [JavaFX Application Thread] DEBUG PrimaryStageWindow   - Pop state: DialogSubScene
11:00:04.239 [JavaFX Application Thread] DEBUG Input                - Clearing active input actions
11:00:04.239 [JavaFX Application Thread] DEBUG GameApplicationServi - Removing overlay from DialogSubScene and adding to GameScene
11:00:04.240 [JavaFX Application Thread] DEBUG PrimaryStageWindow   - GameScene <- DialogSubScene
11:00:08.575 [JavaFX Application Thread] DEBUG PrimaryStageWindow   - Push state: DialogSubScene
11:00:08.575 [JavaFX Application Thread] DEBUG Input                - Clearing active input actions
11:00:08.575 [JavaFX Application Thread] DEBUG GameApplicationServi - Removing overlay from GameScene and adding to DialogSubScene
11:00:08.576 [JavaFX Application Thread] DEBUG PrimaryStageWindow   - GameScene -> DialogSubScene
11:00:09.390 [JavaFX Application Thread] DEBUG PrimaryStageWindow   - Pop state: DialogSubScene
11:00:09.390 [JavaFX Application Thread] DEBUG Input                - Clearing active input actions
11:00:09.391 [JavaFX Application Thread] DEBUG GameApplicationServi - Removing overlay from DialogSubScene and adding to GameScene
11:00:09.392 [JavaFX Application Thread] DEBUG PrimaryStageWindow   - GameScene <- DialogSubScene
11:00:12.519 [JavaFX Application Thread] DEBUG PrimaryStageWindow   - Push state: DialogSubScene
11:00:12.519 [JavaFX Application Thread] DEBUG Input                - Clearing active input actions
11:00:12.519 [JavaFX Application Thread] DEBUG GameApplicationServi - Removing overlay from GameScene and adding to DialogSubScene
11:00:12.520 [JavaFX Application Thread] DEBUG PrimaryStageWindow   - GameScene -> DialogSubScene
11:00:13.159 [JavaFX Application Thread] DEBUG PrimaryStageWindow   - Pop state: DialogSubScene
11:00:13.159 [JavaFX Application Thread] DEBUG Input                - Clearing active input actions
11:00:13.160 [JavaFX Application Thread] DEBUG GameApplicationServi - Removing overlay from DialogSubScene and adding to GameScene
11:00:13.161 [JavaFX Application Thread] DEBUG PrimaryStageWindow   - GameScene <- DialogSubScene
11:00:22.606 [JavaFX Application Thread] DEBUG PrimaryStageWindow   - Push state: DialogSubScene
11:00:22.607 [JavaFX Application Thread] DEBUG Input                - Clearing active input actions
11:00:22.607 [JavaFX Application Thread] DEBUG GameApplicationServi - Removing overlay from GameScene and adding to DialogSubScene
11:00:22.608 [JavaFX Application Thread] DEBUG PrimaryStageWindow   - GameScene -> DialogSubScene
11:00:23.278 [JavaFX Application Thread] DEBUG PrimaryStageWindow   - Pop state: DialogSubScene
11:00:23.278 [JavaFX Application Thread] DEBUG Input                - Clearing active input actions
11:00:23.279 [JavaFX Application Thread] DEBUG GameApplicationServi - Removing overlay from DialogSubScene and adding to GameScene
11:00:23.279 [JavaFX Application Thread] DEBUG PrimaryStageWindow   - GameScene <- DialogSubScene
11:00:31.126 [JavaFX Application Thread] DEBUG PrimaryStageWindow   - Push state: DialogSubScene
11:00:31.126 [JavaFX Application Thread] DEBUG Input                - Clearing active input actions
11:00:31.126 [JavaFX Application Thread] DEBUG GameApplicationServi - Removing overlay from GameScene and adding to DialogSubScene
11:00:31.127 [JavaFX Application Thread] DEBUG PrimaryStageWindow   - GameScene -> DialogSubScene
11:00:31.822 [JavaFX Application Thread] DEBUG PrimaryStageWindow   - Pop state: DialogSubScene
11:00:31.822 [JavaFX Application Thread] DEBUG Input                - Clearing active input actions
11:00:31.823 [JavaFX Application Thread] DEBUG GameApplicationServi - Removing overlay from DialogSubScene and adding to GameScene
11:00:31.824 [JavaFX Application Thread] DEBUG PrimaryStageWindow   - GameScene <- DialogSubScene
11:00:38.214 [JavaFX Application Thread] DEBUG PrimaryStageWindow   - Push state: DialogSubScene
11:00:38.215 [JavaFX Application Thread] DEBUG Input                - Clearing active input actions
11:00:38.215 [JavaFX Application Thread] DEBUG GameApplicationServi - Removing overlay from GameScene and adding to DialogSubScene
11:00:38.215 [JavaFX Application Thread] DEBUG PrimaryStageWindow   - GameScene -> DialogSubScene
11:00:39.078 [JavaFX Application Thread] DEBUG PrimaryStageWindow   - Pop state: DialogSubScene
11:00:39.078 [JavaFX Application Thread] DEBUG Input                - Clearing active input actions
11:00:39.078 [JavaFX Application Thread] DEBUG GameApplicationServi - Removing overlay from DialogSubScene and adding to GameScene
11:00:39.079 [JavaFX Application Thread] DEBUG PrimaryStageWindow   - GameScene <- DialogSubScene
11:00:39.751 [JavaFX Application Thread] DEBUG PrimaryStageWindow   - Push state: DialogSubScene
11:00:39.751 [JavaFX Application Thread] DEBUG Input                - Clearing active input actions
11:00:39.751 [JavaFX Application Thread] DEBUG GameApplicationServi - Removing overlay from GameScene and adding to DialogSubScene
11:00:39.752 [JavaFX Application Thread] DEBUG PrimaryStageWindow   - GameScene -> DialogSubScene
11:00:40.390 [JavaFX Application Thread] DEBUG PrimaryStageWindow   - Pop state: DialogSubScene
11:00:40.390 [JavaFX Application Thread] DEBUG Input                - Clearing active input actions
11:00:40.390 [JavaFX Application Thread] DEBUG GameApplicationServi - Removing overlay from DialogSubScene and adding to GameScene
11:00:40.391 [JavaFX Application Thread] DEBUG PrimaryStageWindow   - GameScene <- DialogSubScene
11:01:53.542 [JavaFX Application Thread] DEBUG PrimaryStageWindow   - Push state: DialogSubScene
11:01:53.543 [JavaFX Application Thread] DEBUG Input                - Clearing active input actions
11:01:53.543 [JavaFX Application Thread] DEBUG GameApplicationServi - Removing overlay from GameScene and adding to DialogSubScene
11:01:53.543 [JavaFX Application Thread] DEBUG PrimaryStageWindow   - GameScene -> DialogSubScene
11:01:54.135 [JavaFX Application Thread] DEBUG PrimaryStageWindow   - Pop state: DialogSubScene
11:01:54.135 [JavaFX Application Thread] DEBUG Input                - Clearing active input actions
11:01:54.135 [JavaFX Application Thread] DEBUG GameApplicationServi - Removing overlay from DialogSubScene and adding to GameScene
11:01:54.136 [JavaFX Application Thread] DEBUG PrimaryStageWindow   - GameScene <- DialogSubScene
11:01:59.143 [JavaFX Application Thread] DEBUG PrimaryStageWindow   - Push state: DialogSubScene
11:01:59.143 [JavaFX Application Thread] DEBUG Input                - Clearing active input actions
11:01:59.143 [JavaFX Application Thread] DEBUG GameApplicationServi - Removing overlay from GameScene and adding to DialogSubScene
11:01:59.143 [JavaFX Application Thread] DEBUG PrimaryStageWindow   - GameScene -> DialogSubScene
11:02:00.326 [JavaFX Application Thread] DEBUG PrimaryStageWindow   - Pop state: DialogSubScene
11:02:00.326 [JavaFX Application Thread] DEBUG Input                - Clearing active input actions
11:02:00.326 [JavaFX Application Thread] DEBUG GameApplicationServi - Removing overlay from DialogSubScene and adding to GameScene
11:02:00.327 [JavaFX Application Thread] DEBUG PrimaryStageWindow   - GameScene <- DialogSubScene
11:02:08.407 [JavaFX Application Thread] DEBUG PrimaryStageWindow   - Push state: DialogSubScene
11:02:08.407 [JavaFX Application Thread] DEBUG Input                - Clearing active input actions
11:02:08.408 [JavaFX Application Thread] DEBUG GameApplicationServi - Removing overlay from GameScene and adding to DialogSubScene
11:02:08.408 [JavaFX Application Thread] DEBUG PrimaryStageWindow   - GameScene -> DialogSubScene
11:02:09.038 [JavaFX Application Thread] DEBUG PrimaryStageWindow   - Pop state: DialogSubScene
11:02:09.038 [JavaFX Application Thread] DEBUG Input                - Clearing active input actions
11:02:09.038 [JavaFX Application Thread] DEBUG GameApplicationServi - Removing overlay from DialogSubScene and adding to GameScene
11:02:09.038 [JavaFX Application Thread] DEBUG PrimaryStageWindow   - GameScene <- DialogSubScene
11:02:31.496 [JavaFX Application Thread] DEBUG PrimaryStageWindow   - Push state: DialogSubScene
11:02:31.496 [JavaFX Application Thread] DEBUG Input                - Clearing active input actions
11:02:31.496 [JavaFX Application Thread] DEBUG GameApplicationServi - Removing overlay from GameScene and adding to DialogSubScene
11:02:31.497 [JavaFX Application Thread] DEBUG PrimaryStageWindow   - GameScene -> DialogSubScene
11:02:32.070 [JavaFX Application Thread] DEBUG PrimaryStageWindow   - Pop state: DialogSubScene
11:02:32.070 [JavaFX Application Thread] DEBUG Input                - Clearing active input actions
11:02:32.070 [JavaFX Application Thread] DEBUG GameApplicationServi - Removing overlay from DialogSubScene and adding to GameScene
11:02:32.071 [JavaFX Application Thread] DEBUG PrimaryStageWindow   - GameScene <- DialogSubScene
11:02:39.943 [JavaFX Application Thread] DEBUG PrimaryStageWindow   - Push state: DialogSubScene
11:02:39.943 [JavaFX Application Thread] DEBUG Input                - Clearing active input actions
11:02:39.943 [JavaFX Application Thread] DEBUG GameApplicationServi - Removing overlay from GameScene and adding to DialogSubScene
11:02:39.943 [JavaFX Application Thread] DEBUG PrimaryStageWindow   - GameScene -> DialogSubScene
11:02:40.815 [JavaFX Application Thread] DEBUG PrimaryStageWindow   - Pop state: DialogSubScene
11:02:40.816 [JavaFX Application Thread] DEBUG Input                - Clearing active input actions
11:02:40.816 [JavaFX Application Thread] DEBUG GameApplicationServi - Removing overlay from DialogSubScene and adding to GameScene
11:02:40.817 [JavaFX Application Thread] DEBUG PrimaryStageWindow   - GameScene <- DialogSubScene
11:02:50.702 [JavaFX Application Thread] DEBUG PrimaryStageWindow   - Push state: DialogSubScene
11:02:50.702 [JavaFX Application Thread] DEBUG Input                - Clearing active input actions
11:02:50.702 [JavaFX Application Thread] DEBUG GameApplicationServi - Removing overlay from GameScene and adding to DialogSubScene
11:02:50.703 [JavaFX Application Thread] DEBUG PrimaryStageWindow   - GameScene -> DialogSubScene
11:02:51.351 [JavaFX Application Thread] DEBUG PrimaryStageWindow   - Pop state: DialogSubScene
11:02:51.351 [JavaFX Application Thread] DEBUG Input                - Clearing active input actions
11:02:51.351 [JavaFX Application Thread] DEBUG GameApplicationServi - Removing overlay from DialogSubScene and adding to GameScene
11:02:51.352 [JavaFX Application Thread] DEBUG PrimaryStageWindow   - GameScene <- DialogSubScene
11:02:59.527 [JavaFX Application Thread] DEBUG PrimaryStageWindow   - Push state: DialogSubScene
11:02:59.527 [JavaFX Application Thread] DEBUG Input                - Clearing active input actions
11:02:59.527 [JavaFX Application Thread] DEBUG GameApplicationServi - Removing overlay from GameScene and adding to DialogSubScene
11:02:59.528 [JavaFX Application Thread] DEBUG PrimaryStageWindow   - GameScene -> DialogSubScene
11:03:00.134 [JavaFX Application Thread] DEBUG PrimaryStageWindow   - Pop state: DialogSubScene
11:03:00.134 [JavaFX Application Thread] DEBUG Input                - Clearing active input actions
11:03:00.135 [JavaFX Application Thread] DEBUG GameApplicationServi - Removing overlay from DialogSubScene and adding to GameScene
11:03:00.135 [JavaFX Application Thread] DEBUG PrimaryStageWindow   - GameScene <- DialogSubScene
11:07:01.870 [JavaFX Application Thread] DEBUG FXGLApplication      - Exiting FXGL
11:07:01.870 [JavaFX Application Thread] DEBUG LoopRunner           - Stopping loop
11:07:01.870 [JavaFX Application Thread] DEBUG SystemBundleService  - Saving FXGL system data
11:07:01.872 [JavaFX Application Thread] DEBUG FileSystemAccess     - Writing to: C:\Users\ClivkRayaneh\Desktop\code\java&C\game AP\RoyalWar\system\fxgl.bundle
11:07:01.873 [JavaFX Application Thread] DEBUG Async                - Shutting down background threads
11:07:01.873 [JavaFX Application Thread] DEBUG PrimaryStageWindow   - Closing main window
11:07:01.887 [JavaFX Application Thread] DEBUG Logger               - Closing Logger
