08:55:11.671 [main                     ] DEBUG Logger               - Configured Logger
08:55:11.674 [main                     ] DEBUG GameApplication      - Logging settings
Title: RoyalWar
Version: 0.0
Width: 960
Height: 720
Fullscreen: false
Intro: false
Profiling: false
Single step:false
App Mode: DEVELOPER
Menu Key: ESCAPE
Stage Style: DECORATED
Scene Factory: class com.almasb.fxgl.app.scene.SceneFactory

08:55:11.747 [JavaFX Application Thread] DEBUG FXGLApplication      - Initializing FXGL
08:55:11.750 [JavaFX Application Thread] INFO  Engine               - FXGL-21.1 (26.03.2024 17.33) on WINDOWS (J:24.0.1 FX:21.0.1)
08:55:11.750 [JavaFX Application Thread] DEBUG Engine               - JRE Vendor Name: Oracle Corporation
08:55:11.750 [JavaFX Application Thread] DEBUG Engine               - Running on OS: Windows 11 version 10.0
08:55:11.750 [JavaFX Application Thread] DEBUG Engine               - Architecture: amd64
08:55:11.750 [JavaFX Application Thread] INFO  Engine               - Source code and latest versions at: https://github.com/AlmasB/FXGL
08:55:11.750 [JavaFX Application Thread] INFO  Engine               -       Ask questions and discuss at: https://github.com/AlmasB/FXGL/discussions
08:55:11.750 [JavaFX Application Thread] INFO  Engine               -              Join the FXGL chat at: https://gitter.im/AlmasB/FXGL
08:55:11.813 [JavaFX Application Thread] DEBUG PrimaryStageWindow   - Creating a JavaFX scene
08:55:11.859 [JavaFX Application Thread] DEBUG PrimaryStageWindow   - Target settings size: 960.0 x 720.0
08:55:11.859 [JavaFX Application Thread] DEBUG PrimaryStageWindow   - Scaled scene size:    960.0 x 720.0
08:55:11.860 [JavaFX Application Thread] DEBUG PrimaryStageWindow   - Scaled ratio: (1.0, 1.0)
08:55:11.860 [JavaFX Application Thread] DEBUG PrimaryStageWindow   - Set initial scene to FXGLStartupScene
08:55:11.863 [JavaFX Application Thread] DEBUG PrimaryStageWindow   - Opening main window
08:55:11.934 [JavaFX Application Thread] DEBUG PrimaryStageWindow   - Window border size: (14.4000244140625, 37.5999755859375)
08:55:11.934 [JavaFX Application Thread] DEBUG PrimaryStageWindow   - Scaled size: 960.0 x 720.0
08:55:11.935 [JavaFX Application Thread] DEBUG PrimaryStageWindow   - Scaled ratio: (1.0, 1.0)
08:55:11.935 [JavaFX Application Thread] DEBUG PrimaryStageWindow   - Scene size: 960.0 x 720.0
08:55:11.935 [JavaFX Application Thread] DEBUG PrimaryStageWindow   - Stage size: 974.4000244140625 x 757.5999755859375
08:55:11.940 [FXGL Background Thread 1 ] DEBUG Engine               - Initializing environment variables
08:55:11.984 [FXGL Background Thread 1 ] DEBUG FXGLAssetLoaderServi - User app class for loading assets: class RoyalWarApp
08:55:11.984 [FXGL Background Thread 1 ] DEBUG GameApplicationServi - Applying CSS: fxgl_dark.css
08:55:11.984 [FXGL Background Thread 1 ] DEBUG FXGLAssetLoaderServi - Loading from file system: jar:file:/C:/Users/ClivkRayaneh/Desktop/fxgl-21.1-uber.jar!/fxglassets/ui/css/fxgl_dark.css
08:55:12.023 [FXGL Background Thread 1 ] DEBUG GameApplicationServi - Initializing application scenes
08:55:12.071 [FXGL Background Thread 1 ] DEBUG GameWorld            - Game world initialized
08:55:12.115 [FXGL Background Thread 1 ] DEBUG PhysicsWorld         - Physics world initialized: appHeight=720, physics.ppm=50.0
08:55:12.115 [FXGL Background Thread 1 ] DEBUG PhysicsWorld         - Using strategy: BRUTE_FORCE
08:55:12.118 [FXGL Background Thread 1 ] DEBUG GameScene            - Game scene initialized: 960x720
08:55:12.128 [FXGL Background Thread 1 ] DEBUG FXGL.DefaultMenu     - createMenuBodyGameMenu()
08:55:12.137 [FXGL Background Thread 1 ] DEBUG FXGL.DefaultMenu     - createOptionsMenu()
08:55:12.148 [FXGL Background Thread 1 ] DEBUG FXGLAssetLoaderServi - Loading from file system: jar:file:/C:/Users/ClivkRayaneh/Desktop/fxgl-21.1-uber.jar!/fxglassets/textures/particles/smoke.png
08:55:12.223 [FXGL Background Thread 1 ] DEBUG FXGLAssetLoaderServi - Loading from file system: jar:file:/C:/Users/ClivkRayaneh/Desktop/fxgl-21.1-uber.jar!/fxglassets/textures/particles/trace_horizontal.png
08:55:12.246 [FXGL Background Thread 1 ] DEBUG GameApplicationServi - Application scenes initialized
08:55:12.259 [FXGL Background Thread 1 ] DEBUG SystemBundleService  - Loading FXGL system data
08:55:12.259 [FXGL Background Thread 1 ] DEBUG FileSystemAccess     - Reading from: C:\Users\ClivkRayaneh\Desktop\code\java&C\game AP\RoyalWar\system\fxgl.bundle
08:55:12.261 [FXGL Background Thread 1 ] DEBUG SystemBundleService  - Bundle FXGL: {}
08:55:12.261 [FXGL Background Thread 1 ] DEBUG UpdaterService       - Checking for updates
08:55:12.283 [FXGL Background Thread 4 ] DEBUG FXGLApplication      - Loading fonts
08:55:12.284 [FXGL Background Thread 1 ] DEBUG FXGLApplication      - Loading default localization
08:55:12.284 [FXGL Background Thread 4 ] DEBUG FXGLAssetLoaderServi - Loading from file system: jar:file:/C:/Users/ClivkRayaneh/Desktop/fxgl-21.1-uber.jar!/fxglassets/ui/fonts/VarelaRound-Regular.ttf
08:55:12.284 [FXGL Background Thread 1 ] DEBUG FXGLAssetLoaderServi - Loading from file system: jar:file:/C:/Users/ClivkRayaneh/Desktop/fxgl-21.1-uber.jar!/fxglassets/languages/english.lang
08:55:12.299 [FXGL Background Thread 4 ] DEBUG FXGLAssetLoaderServi - Loading from file system: jar:file:/C:/Users/ClivkRayaneh/Desktop/fxgl-21.1-uber.jar!/fxglassets/ui/fonts/Abel-Regular.ttf
08:55:12.302 [FXGL Background Thread 4 ] DEBUG FXGLAssetLoaderServi - Loading from file system: jar:file:/C:/Users/ClivkRayaneh/Desktop/fxgl-21.1-uber.jar!/fxglassets/ui/fonts/TerminalLandMono-Regular.otf
08:55:12.305 [FXGL Background Thread 4 ] DEBUG FXGLAssetLoaderServi - Loading from file system: jar:file:/C:/Users/ClivkRayaneh/Desktop/fxgl-21.1-uber.jar!/fxglassets/ui/fonts/Courier-Prime.ttf
08:55:12.307 [FXGL Background Thread 1 ] INFO  FXGLApplication      - FXGL initialization took: 0.367 sec
08:55:12.321 [JavaFX Application Thread] DEBUG Input                - Registered new binding: action0 - W
08:55:12.321 [JavaFX Application Thread] DEBUG Input                - Registered new binding: action1 - S
08:55:12.321 [JavaFX Application Thread] DEBUG Input                - Registered new binding: action2 - A
08:55:12.321 [JavaFX Application Thread] DEBUG Input                - Registered new binding: action3 - D
08:55:12.322 [JavaFX Application Thread] DEBUG Input                - Registered new binding: action4 - E
08:55:12.322 [JavaFX Application Thread] DEBUG Input                - Registered new binding: action5 - H
08:55:12.322 [JavaFX Application Thread] DEBUG Input                - Registered new binding: action6 - L
08:55:12.322 [JavaFX Application Thread] DEBUG FXGLAssetLoaderServi - Loading from file system: jar:file:/C:/Users/ClivkRayaneh/Desktop/fxgl-21.1-uber.jar!/fxglassets/textures/fxgl_icon.png
08:55:12.341 [JavaFX Application Thread] DEBUG FXGLAssetLoaderServi - Loading from file system: jar:file:/C:/Users/ClivkRayaneh/Desktop/fxgl-21.1-uber.jar!/fxglassets/textures/fxgl_default_cursor.png
08:55:12.347 [JavaFX Application Thread] DEBUG Input                - Registered new binding: Screenshot - CTRL+8
08:55:12.348 [JavaFX Application Thread] DEBUG Input                - Registered new binding: Dev Options - 1
08:55:12.349 [JavaFX Application Thread] DEBUG Input                - Registered new binding: Dev Console - 2
08:55:12.350 [JavaFX Application Thread] DEBUG Input                - Registered new binding: System info dump - CTRL+9
08:55:12.351 [JavaFX Application Thread] DEBUG Input                - Registered new binding: Restart - CTRL+R
08:55:12.354 [JavaFX Application Thread] DEBUG Input                - Registered new binding: Toggle Debug Camera - CTRL+7
08:55:12.365 [JavaFX Application Thread] DEBUG LoopRunner           - Starting loop
08:55:12.382 [JavaFX Application Thread] DEBUG LoopRunner           - Initializing JavaFX AnimationTimerLoop
08:55:12.383 [JavaFX Application Thread] DEBUG GameApplicationServi - Starting new game
08:55:12.384 [JavaFX Application Thread] DEBUG Input                - Clearing active input actions
08:55:12.394 [JavaFX Application Thread] DEBUG GameApplicationServi - Removing overlay from FXGLStartupScene and adding to FXGLLoadingScene
08:55:12.397 [JavaFX Application Thread] DEBUG PrimaryStageWindow   - FXGLStartupScene -> FXGLLoadingScene
08:55:12.397 [JavaFX Application Thread] DEBUG GameApplicationServi - Clearing previous game
08:55:12.397 [JavaFX Application Thread] DEBUG GameScene            - Clearing game scene
08:55:12.397 [JavaFX Application Thread] DEBUG GameWorld            - Clearing game world
08:55:12.397 [JavaFX Application Thread] DEBUG PhysicsWorld         - Clearing physics world
08:55:12.397 [FXGL Background Thread 4 ] DEBUG FXGLApplication      - Initializing game
08:55:12.400 [JavaFX Application Thread] DEBUG FXGLApplication      - Registering font factories with UI factory
08:55:12.401 [FXGL Background Thread 4 ] INFO  FXGLApplication      - Game initialization took: 0.002 sec
08:55:12.568 [JavaFX Application Thread] DEBUG Input                - Clearing active input actions
08:55:12.572 [JavaFX Application Thread] DEBUG GameApplicationServi - Removing overlay from FXGLLoadingScene and adding to GameScene
08:55:12.581 [JavaFX Application Thread] DEBUG PrimaryStageWindow   - FXGLLoadingScene -> GameScene
08:55:14.955 [JavaFX Application Thread] DEBUG FXGLApplication      - Exiting FXGL
08:55:14.955 [JavaFX Application Thread] DEBUG LoopRunner           - Stopping loop
08:55:14.955 [JavaFX Application Thread] DEBUG SystemBundleService  - Saving FXGL system data
08:55:14.957 [JavaFX Application Thread] DEBUG FileSystemAccess     - Writing to: C:\Users\ClivkRayaneh\Desktop\code\java&C\game AP\RoyalWar\system\fxgl.bundle
08:55:14.958 [JavaFX Application Thread] DEBUG Async                - Shutting down background threads
08:55:14.958 [JavaFX Application Thread] DEBUG PrimaryStageWindow   - Closing main window
08:55:14.976 [JavaFX Application Thread] DEBUG Logger               - Closing Logger
