08:26:50.745 [main                     ] DEBUG Logger               - Configured Logger
08:26:50.752 [main                     ] DEBUG GameApplication      - Logging settings
Title: RoyalWar
Version: 0.0
Width: 960
Height: 720
Fullscreen: false
Intro: false
Profiling: false
Single step:false
App Mode: DEVELOPER
Menu Key: ESCAPE
Stage Style: DECORATED
Scene Factory: class com.almasb.fxgl.app.scene.SceneFactory

08:26:51.118 [JavaFX Application Thread] DEBUG FXGLApplication      - Initializing FXGL
08:26:51.120 [JavaFX Application Thread] INFO  Engine               - FXGL-21.1 (26.03.2024 17.33) on WINDOWS (J:24.0.1 FX:21.0.1)
08:26:51.120 [JavaFX Application Thread] DEBUG Engine               - JRE Vendor Name: Oracle Corporation
08:26:51.120 [JavaFX Application Thread] DEBUG Engine               - Running on OS: Windows 11 version 10.0
08:26:51.120 [JavaFX Application Thread] DEBUG Engine               - Architecture: amd64
08:26:51.120 [JavaFX Application Thread] INFO  Engine               - Source code and latest versions at: https://github.com/AlmasB/FXGL
08:26:51.120 [JavaFX Application Thread] INFO  Engine               -       Ask questions and discuss at: https://github.com/AlmasB/FXGL/discussions
08:26:51.120 [JavaFX Application Thread] INFO  Engine               -              Join the FXGL chat at: https://gitter.im/AlmasB/FXGL
08:26:51.204 [JavaFX Application Thread] DEBUG PrimaryStageWindow   - Creating a JavaFX scene
08:26:51.252 [JavaFX Application Thread] DEBUG PrimaryStageWindow   - Target settings size: 960.0 x 720.0
08:26:51.252 [JavaFX Application Thread] DEBUG PrimaryStageWindow   - Scaled scene size:    960.0 x 720.0
08:26:51.252 [JavaFX Application Thread] DEBUG PrimaryStageWindow   - Scaled ratio: (1.0, 1.0)
08:26:51.253 [JavaFX Application Thread] DEBUG PrimaryStageWindow   - Set initial scene to FXGLStartupScene
08:26:51.255 [JavaFX Application Thread] DEBUG PrimaryStageWindow   - Opening main window
08:26:51.324 [JavaFX Application Thread] DEBUG PrimaryStageWindow   - Window border size: (14.4000244140625, 37.5999755859375)
08:26:51.324 [JavaFX Application Thread] DEBUG PrimaryStageWindow   - Scaled size: 960.0 x 720.0
08:26:51.324 [JavaFX Application Thread] DEBUG PrimaryStageWindow   - Scaled ratio: (1.0, 1.0)
08:26:51.324 [JavaFX Application Thread] DEBUG PrimaryStageWindow   - Scene size: 960.0 x 720.0
08:26:51.324 [JavaFX Application Thread] DEBUG PrimaryStageWindow   - Stage size: 974.4000244140625 x 757.5999755859375
08:26:51.330 [FXGL Background Thread 1 ] DEBUG Engine               - Initializing environment variables
08:26:51.377 [FXGL Background Thread 1 ] DEBUG FXGLAssetLoaderServi - User app class for loading assets: class RoyalWarApp
08:26:51.378 [FXGL Background Thread 1 ] DEBUG GameApplicationServi - Applying CSS: fxgl_dark.css
08:26:51.378 [FXGL Background Thread 1 ] DEBUG FXGLAssetLoaderServi - Loading from file system: jar:file:/C:/Users/ClivkRayaneh/Desktop/fxgl-21.1-uber.jar!/fxglassets/ui/css/fxgl_dark.css
08:26:51.421 [FXGL Background Thread 1 ] DEBUG GameApplicationServi - Initializing application scenes
08:26:51.477 [FXGL Background Thread 1 ] DEBUG GameWorld            - Game world initialized
08:26:51.518 [FXGL Background Thread 1 ] DEBUG PhysicsWorld         - Physics world initialized: appHeight=720, physics.ppm=50.0
08:26:51.518 [FXGL Background Thread 1 ] DEBUG PhysicsWorld         - Using strategy: BRUTE_FORCE
08:26:51.523 [FXGL Background Thread 1 ] DEBUG GameScene            - Game scene initialized: 960x720
08:26:51.532 [FXGL Background Thread 1 ] DEBUG FXGL.DefaultMenu     - createMenuBodyGameMenu()
08:26:51.544 [FXGL Background Thread 1 ] DEBUG FXGL.DefaultMenu     - createOptionsMenu()
08:26:51.550 [FXGL Background Thread 1 ] DEBUG FXGLAssetLoaderServi - Loading from file system: jar:file:/C:/Users/ClivkRayaneh/Desktop/fxgl-21.1-uber.jar!/fxglassets/textures/particles/smoke.png
08:26:51.646 [FXGL Background Thread 1 ] DEBUG FXGLAssetLoaderServi - Loading from file system: jar:file:/C:/Users/ClivkRayaneh/Desktop/fxgl-21.1-uber.jar!/fxglassets/textures/particles/trace_horizontal.png
08:26:51.665 [FXGL Background Thread 1 ] DEBUG GameApplicationServi - Application scenes initialized
08:26:51.674 [FXGL Background Thread 1 ] DEBUG SystemBundleService  - Loading FXGL system data
08:26:51.675 [FXGL Background Thread 1 ] DEBUG FileSystemAccess     - Reading from: C:\Users\ClivkRayaneh\Desktop\code\java&C\game AP\RoyalWar\system\fxgl.bundle
08:26:51.677 [FXGL Background Thread 1 ] DEBUG SystemBundleService  - Bundle FXGL: {}
08:26:51.677 [FXGL Background Thread 1 ] DEBUG UpdaterService       - Checking for updates
08:26:51.700 [FXGL Background Thread 4 ] DEBUG FXGLApplication      - Loading fonts
08:26:51.700 [FXGL Background Thread 4 ] DEBUG FXGLAssetLoaderServi - Loading from file system: jar:file:/C:/Users/ClivkRayaneh/Desktop/fxgl-21.1-uber.jar!/fxglassets/ui/fonts/VarelaRound-Regular.ttf
08:26:51.700 [FXGL Background Thread 1 ] DEBUG FXGLApplication      - Loading default localization
08:26:51.701 [FXGL Background Thread 1 ] DEBUG FXGLAssetLoaderServi - Loading from file system: jar:file:/C:/Users/ClivkRayaneh/Desktop/fxgl-21.1-uber.jar!/fxglassets/languages/english.lang
08:26:51.716 [FXGL Background Thread 4 ] DEBUG FXGLAssetLoaderServi - Loading from file system: jar:file:/C:/Users/ClivkRayaneh/Desktop/fxgl-21.1-uber.jar!/fxglassets/ui/fonts/Abel-Regular.ttf
08:26:51.719 [FXGL Background Thread 4 ] DEBUG FXGLAssetLoaderServi - Loading from file system: jar:file:/C:/Users/ClivkRayaneh/Desktop/fxgl-21.1-uber.jar!/fxglassets/ui/fonts/TerminalLandMono-Regular.otf
08:26:51.722 [FXGL Background Thread 4 ] DEBUG FXGLAssetLoaderServi - Loading from file system: jar:file:/C:/Users/ClivkRayaneh/Desktop/fxgl-21.1-uber.jar!/fxglassets/ui/fonts/Courier-Prime.ttf
08:26:51.726 [FXGL Background Thread 1 ] INFO  FXGLApplication      - FXGL initialization took: 0.396 sec
08:26:51.738 [JavaFX Application Thread] DEBUG Input                - Registered new binding: action0 - W
08:26:51.738 [JavaFX Application Thread] DEBUG Input                - Registered new binding: action1 - S
08:26:51.739 [JavaFX Application Thread] DEBUG Input                - Registered new binding: action2 - A
08:26:51.739 [JavaFX Application Thread] DEBUG Input                - Registered new binding: action3 - D
08:26:51.739 [JavaFX Application Thread] DEBUG Input                - Registered new binding: action4 - E
08:26:51.739 [JavaFX Application Thread] DEBUG Input                - Registered new binding: action5 - H
08:26:51.739 [JavaFX Application Thread] DEBUG Input                - Registered new binding: action6 - L
08:26:51.739 [JavaFX Application Thread] DEBUG FXGLAssetLoaderServi - Loading from file system: jar:file:/C:/Users/ClivkRayaneh/Desktop/fxgl-21.1-uber.jar!/fxglassets/textures/fxgl_icon.png
08:26:51.754 [JavaFX Application Thread] DEBUG FXGLAssetLoaderServi - Loading from file system: jar:file:/C:/Users/ClivkRayaneh/Desktop/fxgl-21.1-uber.jar!/fxglassets/textures/fxgl_default_cursor.png
08:26:51.758 [JavaFX Application Thread] DEBUG Input                - Registered new binding: Screenshot - CTRL+8
08:26:51.759 [JavaFX Application Thread] DEBUG Input                - Registered new binding: Dev Options - 1
08:26:51.759 [JavaFX Application Thread] DEBUG Input                - Registered new binding: Dev Console - 2
08:26:51.762 [JavaFX Application Thread] DEBUG Input                - Registered new binding: System info dump - CTRL+9
08:26:51.763 [JavaFX Application Thread] DEBUG Input                - Registered new binding: Restart - CTRL+R
08:26:51.765 [JavaFX Application Thread] DEBUG Input                - Registered new binding: Toggle Debug Camera - CTRL+7
08:26:51.777 [JavaFX Application Thread] DEBUG LoopRunner           - Starting loop
08:26:51.795 [JavaFX Application Thread] DEBUG LoopRunner           - Initializing JavaFX AnimationTimerLoop
08:26:51.797 [JavaFX Application Thread] DEBUG GameApplicationServi - Starting new game
08:26:51.797 [JavaFX Application Thread] DEBUG Input                - Clearing active input actions
08:26:51.809 [JavaFX Application Thread] DEBUG GameApplicationServi - Removing overlay from FXGLStartupScene and adding to FXGLLoadingScene
08:26:51.812 [JavaFX Application Thread] DEBUG PrimaryStageWindow   - FXGLStartupScene -> FXGLLoadingScene
08:26:51.812 [JavaFX Application Thread] DEBUG GameApplicationServi - Clearing previous game
08:26:51.812 [JavaFX Application Thread] DEBUG GameScene            - Clearing game scene
08:26:51.812 [JavaFX Application Thread] DEBUG GameWorld            - Clearing game world
08:26:51.812 [JavaFX Application Thread] DEBUG PhysicsWorld         - Clearing physics world
08:26:51.814 [FXGL Background Thread 4 ] DEBUG FXGLApplication      - Initializing game
08:26:51.814 [JavaFX Application Thread] DEBUG FXGLApplication      - Registering font factories with UI factory
08:26:51.816 [FXGL Background Thread 4 ] INFO  FXGLApplication      - Game initialization took: 0.003 sec
08:26:51.997 [JavaFX Application Thread] DEBUG Input                - Clearing active input actions
08:26:52.003 [JavaFX Application Thread] DEBUG GameApplicationServi - Removing overlay from FXGLLoadingScene and adding to GameScene
08:26:52.005 [JavaFX Application Thread] DEBUG PrimaryStageWindow   - FXGLLoadingScene -> GameScene
08:26:54.700 [FXGL Background Thread 3 ] DEBUG Engine               - Logging environment variables
08:26:54.702 [FXGL Background Thread 3 ] DEBUG Engine               - achievements: []
08:26:54.703 [FXGL Background Thread 3 ] DEBUG Engine               - actualHeight: 720.0
08:26:54.703 [FXGL Background Thread 3 ] DEBUG Engine               - actualHeightProperty: ReadOnlyDoubleProperty [value: 720.0]
08:26:54.703 [FXGL Background Thread 3 ] DEBUG Engine               - actualWidth: 960.0
08:26:54.703 [FXGL Background Thread 3 ] DEBUG Engine               - actualWidthProperty: ReadOnlyDoubleProperty [value: 960.0]
08:26:54.703 [FXGL Background Thread 3 ] DEBUG Engine               - appIcon: fxgl_icon.png
08:26:54.703 [FXGL Background Thread 3 ] DEBUG Engine               - applicationMode: DEVELOPER
08:26:54.703 [FXGL Background Thread 3 ] DEBUG Engine               - cSSList: [fxgl_dark.css]
08:26:54.703 [FXGL Background Thread 3 ] DEBUG Engine               - collisionDetectionStrategy: BRUTE_FORCE
08:26:54.703 [FXGL Background Thread 3 ] DEBUG Engine               - configClass: Optional.empty
08:26:54.703 [FXGL Background Thread 3 ] DEBUG Engine               - credits: []
08:26:54.703 [FXGL Background Thread 3 ] DEBUG Engine               - defaultCursor: CursorInfo(imageName=fxgl_default_cursor.png, hotspotX=7.0, hotspotY=6.0)
08:26:54.704 [FXGL Background Thread 3 ] DEBUG Engine               - devBBoxColorProperty: ObjectProperty [value: 0xff0000ff]
08:26:54.704 [FXGL Background Thread 3 ] DEBUG Engine               - devEnableDebugCameraProperty: BooleanProperty [value: false]
08:26:54.704 [FXGL Background Thread 3 ] DEBUG Engine               - devSensorColorProperty: ObjectProperty [value: 0xffff00ff]
08:26:54.704 [FXGL Background Thread 3 ] DEBUG Engine               - devShowBBoxProperty: BooleanProperty [value: false]
08:26:54.704 [FXGL Background Thread 3 ] DEBUG Engine               - devShowPositionProperty: BooleanProperty [value: false]
08:26:54.704 [FXGL Background Thread 3 ] DEBUG Engine               - enabledMenuItems: []
08:26:54.704 [FXGL Background Thread 3 ] DEBUG Engine               - engineServices: [class com.almasb.fxgl.app.services.FXGLAssetLoaderService, class com.almasb.fxgl.app.FXGLApplication$GameApplicationService, class com.almasb.fxgl.app.services.FXGLDialogService, class com.almasb.fxgl.app.services.IOTaskExecutorService, class com.almasb.fxgl.io.FileSystemService, class com.almasb.fxgl.localization.LocalizationService, class com.almasb.fxgl.app.services.SystemBundleService, class com.almasb.fxgl.profile.SaveLoadService, class com.almasb.fxgl.ui.FXGLUIFactoryServiceProvider, class com.almasb.fxgl.ui.FXGLDialogFactoryServiceProvider, class com.almasb.fxgl.audio.AudioPlayer, class com.almasb.fxgl.notification.impl.NotificationServiceProvider, class com.almasb.fxgl.achievement.AchievementService, class com.almasb.fxgl.cutscene.CutsceneService, class com.almasb.fxgl.minigames.MiniGameService, class com.almasb.fxgl.net.NetService, class com.almasb.fxgl.app.services.UpdaterService, class com.almasb.fxgl.dev.DevService]
08:26:54.704 [FXGL Background Thread 3 ] DEBUG Engine               - fontGame: Abel-Regular.ttf
08:26:54.704 [FXGL Background Thread 3 ] DEBUG Engine               - fontMono: TerminalLandMono-Regular.otf
08:26:54.704 [FXGL Background Thread 3 ] DEBUG Engine               - fontSizeScaleUI: 1.0
08:26:54.704 [FXGL Background Thread 3 ] DEBUG Engine               - fontText: Courier-Prime.ttf
08:26:54.704 [FXGL Background Thread 3 ] DEBUG Engine               - fontUI: VarelaRound-Regular.ttf
08:26:54.704 [FXGL Background Thread 3 ] DEBUG Engine               - fullScreen: BooleanProperty [value: false]
08:26:54.704 [FXGL Background Thread 3 ] DEBUG Engine               - gameDifficulty: MEDIUM
08:26:54.704 [FXGL Background Thread 3 ] DEBUG Engine               - gameDifficultyProperty: ObjectProperty [value: MEDIUM]
08:26:54.704 [FXGL Background Thread 3 ] DEBUG Engine               - globalMusicVolume: 0.5
08:26:54.704 [FXGL Background Thread 3 ] DEBUG Engine               - globalMusicVolumeProperty: DoubleProperty [value: 0.5]
08:26:54.704 [FXGL Background Thread 3 ] DEBUG Engine               - globalSoundVolume: 0.5
08:26:54.704 [FXGL Background Thread 3 ] DEBUG Engine               - globalSoundVolumeProperty: DoubleProperty [value: 0.5]
08:26:54.705 [FXGL Background Thread 3 ] DEBUG Engine               - height: 720
08:26:54.705 [FXGL Background Thread 3 ] DEBUG Engine               - is3D: false
08:26:54.705 [FXGL Background Thread 3 ] DEBUG Engine               - isAndroid: false
08:26:54.705 [FXGL Background Thread 3 ] DEBUG Engine               - isBrowser: false
08:26:54.705 [FXGL Background Thread 3 ] DEBUG Engine               - isClickFeedbackEnabled: false
08:26:54.705 [FXGL Background Thread 3 ] DEBUG Engine               - isCloseConfirmation: false
08:26:54.705 [FXGL Background Thread 3 ] DEBUG Engine               - isDesktop: true
08:26:54.705 [FXGL Background Thread 3 ] DEBUG Engine               - isDeveloperMenuEnabled: true
08:26:54.705 [FXGL Background Thread 3 ] DEBUG Engine               - isEmbedded: false
08:26:54.705 [FXGL Background Thread 3 ] DEBUG Engine               - isEntityPreloadEnabled: true
08:26:54.705 [FXGL Background Thread 3 ] DEBUG Engine               - isExperimentalTiledLargeMap: false
08:26:54.705 [FXGL Background Thread 3 ] DEBUG Engine               - isFileSystemWriteAllowed: true
08:26:54.705 [FXGL Background Thread 3 ] DEBUG Engine               - isFullScreenAllowed: false
08:26:54.705 [FXGL Background Thread 3 ] DEBUG Engine               - isFullScreenFromStart: false
08:26:54.705 [FXGL Background Thread 3 ] DEBUG Engine               - isGameMenuEnabled: true
08:26:54.705 [FXGL Background Thread 3 ] DEBUG Engine               - isIOS: false
08:26:54.705 [FXGL Background Thread 3 ] DEBUG Engine               - isIntroEnabled: false
08:26:54.705 [FXGL Background Thread 3 ] DEBUG Engine               - isLinux: false
08:26:54.705 [FXGL Background Thread 3 ] DEBUG Engine               - isMac: false
08:26:54.705 [FXGL Background Thread 3 ] DEBUG Engine               - isMainMenuEnabled: false
08:26:54.705 [FXGL Background Thread 3 ] DEBUG Engine               - isManualResizeEnabled: false
08:26:54.705 [FXGL Background Thread 3 ] DEBUG Engine               - isMobile: false
08:26:54.705 [FXGL Background Thread 3 ] DEBUG Engine               - isNative: false
08:26:54.705 [FXGL Background Thread 3 ] DEBUG Engine               - isPauseMusicWhenMinimized: true
08:26:54.705 [FXGL Background Thread 3 ] DEBUG Engine               - isPreserveResizeRatio: false
08:26:54.705 [FXGL Background Thread 3 ] DEBUG Engine               - isProfilingEnabled: false
08:26:54.705 [FXGL Background Thread 3 ] DEBUG Engine               - isScaleAffectedOnResize: true
08:26:54.705 [FXGL Background Thread 3 ] DEBUG Engine               - isSingleStep: false
08:26:54.705 [FXGL Background Thread 3 ] DEBUG Engine               - isUserProfileEnabled: false
08:26:54.705 [FXGL Background Thread 3 ] DEBUG Engine               - isWindows: true
08:26:54.705 [FXGL Background Thread 3 ] DEBUG Engine               - language: ObjectProperty [value: ENGLISH]
08:26:54.705 [FXGL Background Thread 3 ] DEBUG Engine               - menuKey: ESCAPE
08:26:54.705 [FXGL Background Thread 3 ] DEBUG Engine               - mouseSensitivity: 0.2
08:26:54.705 [FXGL Background Thread 3 ] DEBUG Engine               - notificationViewClass: class com.almasb.fxgl.notification.view.XboxNotificationView
08:26:54.705 [FXGL Background Thread 3 ] DEBUG Engine               - pixelsPerMeter: 50.0
08:26:54.705 [FXGL Background Thread 3 ] DEBUG Engine               - platform: WINDOWS
08:26:54.705 [FXGL Background Thread 3 ] DEBUG Engine               - prefHeightProperty: ReadOnlyDoubleProperty [value: 720.0]
08:26:54.705 [FXGL Background Thread 3 ] DEBUG Engine               - prefWidthProperty: ReadOnlyDoubleProperty [value: 960.0]
08:26:54.705 [FXGL Background Thread 3 ] DEBUG Engine               - profileDir: profiles/
08:26:54.705 [FXGL Background Thread 3 ] DEBUG Engine               - profileName: StringProperty [value: DEFAULT]
08:26:54.705 [FXGL Background Thread 3 ] DEBUG Engine               - randomSeed: -1
08:26:54.706 [FXGL Background Thread 3 ] DEBUG Engine               - runtimeInfo: RuntimeInfo(platform=WINDOWS, version=21.1, build=26.03.2024 17.33)
08:26:54.706 [FXGL Background Thread 3 ] DEBUG Engine               - saveFileExt: sav
08:26:54.706 [FXGL Background Thread 3 ] DEBUG Engine               - scaledHeightProp$fxgl: DoubleProperty [bound, value: 720.0]
08:26:54.706 [FXGL Background Thread 3 ] DEBUG Engine               - scaledWidthProp$fxgl: DoubleProperty [bound, value: 960.0]
08:26:54.706 [FXGL Background Thread 3 ] DEBUG Engine               - sceneFactory: com.almasb.fxgl.app.scene.SceneFactory@5e16a63b
08:26:54.706 [FXGL Background Thread 3 ] DEBUG Engine               - secondsIn24h: 60
08:26:54.706 [FXGL Background Thread 3 ] DEBUG Engine               - soundMenuBack: menu/back.wav
08:26:54.706 [FXGL Background Thread 3 ] DEBUG Engine               - soundMenuPress: menu/press.wav
08:26:54.706 [FXGL Background Thread 3 ] DEBUG Engine               - soundMenuSelect: menu/select.wav
08:26:54.706 [FXGL Background Thread 3 ] DEBUG Engine               - soundNotification: core/notification.wav
08:26:54.706 [FXGL Background Thread 3 ] DEBUG Engine               - stageStyle: DECORATED
08:26:54.706 [FXGL Background Thread 3 ] DEBUG Engine               - supportedLanguages: [ENGLISH, FRENCH, GERMAN, HUNGARIAN, RUSSIAN]
08:26:54.706 [FXGL Background Thread 3 ] DEBUG Engine               - ticksPerSecond: -1
08:26:54.706 [FXGL Background Thread 3 ] DEBUG Engine               - title: RoyalWar
08:26:54.706 [FXGL Background Thread 3 ] DEBUG Engine               - urlGithub: https://github.com/AlmasB/FXGL
08:26:54.706 [FXGL Background Thread 3 ] DEBUG Engine               - urlLeaderboard: http://fxgl-top.herokuapp.com/
08:26:54.706 [FXGL Background Thread 3 ] DEBUG Engine               - urlPOM: https://raw.githubusercontent.com/AlmasB/FXGL/release/README.md
08:26:54.706 [FXGL Background Thread 3 ] DEBUG Engine               - userAppClass: class RoyalWarApp
08:26:54.706 [FXGL Background Thread 3 ] DEBUG Engine               - version: 0.0
08:26:54.706 [FXGL Background Thread 3 ] DEBUG Engine               - versionCheckDays: 7
08:26:54.706 [FXGL Background Thread 3 ] DEBUG Engine               - width: 960
08:26:54.706 [FXGL Background Thread 3 ] DEBUG Engine               - Logging services
08:26:54.706 [FXGL Background Thread 3 ] DEBUG Engine               - class com.almasb.fxgl.app.services.FXGLAssetLoaderService
08:26:54.706 [FXGL Background Thread 3 ] DEBUG Engine               - class com.almasb.fxgl.app.FXGLApplication$GameApplicationService
08:26:54.706 [FXGL Background Thread 3 ] DEBUG Engine               - class com.almasb.fxgl.app.services.FXGLDialogService
08:26:54.706 [FXGL Background Thread 3 ] DEBUG Engine               - class com.almasb.fxgl.app.services.IOTaskExecutorService
08:26:54.706 [FXGL Background Thread 3 ] DEBUG Engine               - class com.almasb.fxgl.io.FileSystemService
08:26:54.706 [FXGL Background Thread 3 ] DEBUG Engine               - class com.almasb.fxgl.localization.LocalizationService
08:26:54.706 [FXGL Background Thread 3 ] DEBUG Engine               - class com.almasb.fxgl.app.services.SystemBundleService
08:26:54.706 [FXGL Background Thread 3 ] DEBUG Engine               - class com.almasb.fxgl.profile.SaveLoadService
08:26:54.706 [FXGL Background Thread 3 ] DEBUG Engine               - class com.almasb.fxgl.ui.FXGLUIFactoryServiceProvider
08:26:54.706 [FXGL Background Thread 3 ] DEBUG Engine               - class com.almasb.fxgl.ui.FXGLDialogFactoryServiceProvider
08:26:54.706 [FXGL Background Thread 3 ] DEBUG Engine               - class com.almasb.fxgl.audio.AudioPlayer
08:26:54.706 [FXGL Background Thread 3 ] DEBUG Engine               - class com.almasb.fxgl.notification.impl.NotificationServiceProvider
08:26:54.706 [FXGL Background Thread 3 ] DEBUG Engine               - class com.almasb.fxgl.achievement.AchievementService
08:26:54.706 [FXGL Background Thread 3 ] DEBUG Engine               - class com.almasb.fxgl.cutscene.CutsceneService
08:26:54.706 [FXGL Background Thread 3 ] DEBUG Engine               - class com.almasb.fxgl.minigames.MiniGameService
08:26:54.706 [FXGL Background Thread 3 ] DEBUG Engine               - class com.almasb.fxgl.net.NetService
08:26:54.706 [FXGL Background Thread 3 ] DEBUG Engine               - class com.almasb.fxgl.app.services.UpdaterService
08:26:54.706 [FXGL Background Thread 3 ] DEBUG Engine               - class com.almasb.fxgl.dev.DevService
08:27:05.040 [JavaFX Application Thread] DEBUG PrimaryStageWindow   - Push state: DialogSubScene
08:27:05.041 [JavaFX Application Thread] DEBUG Input                - Clearing active input actions
08:27:05.041 [JavaFX Application Thread] DEBUG GameApplicationServi - Removing overlay from GameScene and adding to DialogSubScene
08:27:05.044 [JavaFX Application Thread] DEBUG PrimaryStageWindow   - GameScene -> DialogSubScene
08:27:05.643 [JavaFX Application Thread] DEBUG PrimaryStageWindow   - Pop state: DialogSubScene
08:27:05.643 [JavaFX Application Thread] DEBUG Input                - Clearing active input actions
08:27:05.643 [JavaFX Application Thread] DEBUG GameApplicationServi - Removing overlay from DialogSubScene and adding to GameScene
08:27:05.644 [JavaFX Application Thread] DEBUG PrimaryStageWindow   - GameScene <- DialogSubScene
08:27:09.244 [JavaFX Application Thread] DEBUG PrimaryStageWindow   - Push state: DialogSubScene
08:27:09.244 [JavaFX Application Thread] DEBUG Input                - Clearing active input actions
08:27:09.246 [JavaFX Application Thread] DEBUG GameApplicationServi - Removing overlay from GameScene and adding to DialogSubScene
08:27:09.246 [JavaFX Application Thread] DEBUG PrimaryStageWindow   - GameScene -> DialogSubScene
08:27:09.771 [JavaFX Application Thread] DEBUG PrimaryStageWindow   - Pop state: DialogSubScene
08:27:09.771 [JavaFX Application Thread] DEBUG Input                - Clearing active input actions
08:27:09.772 [JavaFX Application Thread] DEBUG GameApplicationServi - Removing overlay from DialogSubScene and adding to GameScene
08:27:09.773 [JavaFX Application Thread] DEBUG PrimaryStageWindow   - GameScene <- DialogSubScene
08:27:14.917 [JavaFX Application Thread] DEBUG PrimaryStageWindow   - Push state: DialogSubScene
08:27:14.917 [JavaFX Application Thread] DEBUG Input                - Clearing active input actions
08:27:14.917 [JavaFX Application Thread] DEBUG GameApplicationServi - Removing overlay from GameScene and adding to DialogSubScene
08:27:14.918 [JavaFX Application Thread] DEBUG PrimaryStageWindow   - GameScene -> DialogSubScene
08:27:15.564 [JavaFX Application Thread] DEBUG PrimaryStageWindow   - Pop state: DialogSubScene
08:27:15.564 [JavaFX Application Thread] DEBUG Input                - Clearing active input actions
08:27:15.565 [JavaFX Application Thread] DEBUG GameApplicationServi - Removing overlay from DialogSubScene and adding to GameScene
08:27:15.566 [JavaFX Application Thread] DEBUG PrimaryStageWindow   - GameScene <- DialogSubScene
08:27:21.357 [JavaFX Application Thread] DEBUG PrimaryStageWindow   - Push state: DialogSubScene
08:27:21.357 [JavaFX Application Thread] DEBUG Input                - Clearing active input actions
08:27:21.358 [JavaFX Application Thread] DEBUG GameApplicationServi - Removing overlay from GameScene and adding to DialogSubScene
08:27:21.358 [JavaFX Application Thread] DEBUG PrimaryStageWindow   - GameScene -> DialogSubScene
08:27:21.948 [JavaFX Application Thread] DEBUG PrimaryStageWindow   - Pop state: DialogSubScene
08:27:21.948 [JavaFX Application Thread] DEBUG Input                - Clearing active input actions
08:27:21.948 [JavaFX Application Thread] DEBUG GameApplicationServi - Removing overlay from DialogSubScene and adding to GameScene
08:27:21.948 [JavaFX Application Thread] DEBUG PrimaryStageWindow   - GameScene <- DialogSubScene
08:27:27.038 [JavaFX Application Thread] DEBUG PrimaryStageWindow   - Push state: DialogSubScene
08:27:27.038 [JavaFX Application Thread] DEBUG Input                - Clearing active input actions
08:27:27.038 [JavaFX Application Thread] DEBUG GameApplicationServi - Removing overlay from GameScene and adding to DialogSubScene
08:27:27.039 [JavaFX Application Thread] DEBUG PrimaryStageWindow   - GameScene -> DialogSubScene
08:27:27.483 [JavaFX Application Thread] DEBUG PrimaryStageWindow   - Pop state: DialogSubScene
08:27:27.483 [JavaFX Application Thread] DEBUG Input                - Clearing active input actions
08:27:27.484 [JavaFX Application Thread] DEBUG GameApplicationServi - Removing overlay from DialogSubScene and adding to GameScene
08:27:27.484 [JavaFX Application Thread] DEBUG PrimaryStageWindow   - GameScene <- DialogSubScene
08:27:31.525 [JavaFX Application Thread] DEBUG PrimaryStageWindow   - Push state: DialogSubScene
08:27:31.525 [JavaFX Application Thread] DEBUG Input                - Clearing active input actions
08:27:31.525 [JavaFX Application Thread] DEBUG GameApplicationServi - Removing overlay from GameScene and adding to DialogSubScene
08:27:31.527 [JavaFX Application Thread] DEBUG PrimaryStageWindow   - GameScene -> DialogSubScene
08:27:31.995 [JavaFX Application Thread] DEBUG PrimaryStageWindow   - Pop state: DialogSubScene
08:27:31.995 [JavaFX Application Thread] DEBUG Input                - Clearing active input actions
08:27:31.995 [JavaFX Application Thread] DEBUG GameApplicationServi - Removing overlay from DialogSubScene and adding to GameScene
08:27:31.996 [JavaFX Application Thread] DEBUG PrimaryStageWindow   - GameScene <- DialogSubScene
08:27:37.828 [JavaFX Application Thread] DEBUG PrimaryStageWindow   - Push state: DialogSubScene
08:27:37.828 [JavaFX Application Thread] DEBUG Input                - Clearing active input actions
08:27:37.828 [JavaFX Application Thread] DEBUG GameApplicationServi - Removing overlay from GameScene and adding to DialogSubScene
08:27:37.828 [JavaFX Application Thread] DEBUG PrimaryStageWindow   - GameScene -> DialogSubScene
08:27:38.244 [JavaFX Application Thread] DEBUG PrimaryStageWindow   - Pop state: DialogSubScene
08:27:38.244 [JavaFX Application Thread] DEBUG Input                - Clearing active input actions
08:27:38.244 [JavaFX Application Thread] DEBUG GameApplicationServi - Removing overlay from DialogSubScene and adding to GameScene
08:27:38.245 [JavaFX Application Thread] DEBUG PrimaryStageWindow   - GameScene <- DialogSubScene
08:27:45.052 [JavaFX Application Thread] DEBUG PrimaryStageWindow   - Push state: DialogSubScene
08:27:45.053 [JavaFX Application Thread] DEBUG Input                - Clearing active input actions
08:27:45.053 [JavaFX Application Thread] DEBUG GameApplicationServi - Removing overlay from GameScene and adding to DialogSubScene
08:27:45.053 [JavaFX Application Thread] DEBUG PrimaryStageWindow   - GameScene -> DialogSubScene
08:27:45.531 [JavaFX Application Thread] DEBUG PrimaryStageWindow   - Pop state: DialogSubScene
08:27:45.532 [JavaFX Application Thread] DEBUG Input                - Clearing active input actions
08:27:45.532 [JavaFX Application Thread] DEBUG GameApplicationServi - Removing overlay from DialogSubScene and adding to GameScene
08:27:45.532 [JavaFX Application Thread] DEBUG PrimaryStageWindow   - GameScene <- DialogSubScene
08:27:53.957 [JavaFX Application Thread] DEBUG PrimaryStageWindow   - Push state: DialogSubScene
08:27:53.957 [JavaFX Application Thread] DEBUG Input                - Clearing active input actions
08:27:53.957 [JavaFX Application Thread] DEBUG GameApplicationServi - Removing overlay from GameScene and adding to DialogSubScene
08:27:53.958 [JavaFX Application Thread] DEBUG PrimaryStageWindow   - GameScene -> DialogSubScene
08:27:54.452 [JavaFX Application Thread] DEBUG PrimaryStageWindow   - Pop state: DialogSubScene
08:27:54.452 [JavaFX Application Thread] DEBUG Input                - Clearing active input actions
08:27:54.452 [JavaFX Application Thread] DEBUG GameApplicationServi - Removing overlay from DialogSubScene and adding to GameScene
08:27:54.453 [JavaFX Application Thread] DEBUG PrimaryStageWindow   - GameScene <- DialogSubScene
08:31:39.203 [JavaFX Application Thread] DEBUG FXGLApplication      - Exiting FXGL
08:31:39.203 [JavaFX Application Thread] DEBUG LoopRunner           - Stopping loop
08:31:39.204 [JavaFX Application Thread] DEBUG SystemBundleService  - Saving FXGL system data
08:31:39.206 [JavaFX Application Thread] DEBUG FileSystemAccess     - Writing to: C:\Users\ClivkRayaneh\Desktop\code\java&C\game AP\RoyalWar\system\fxgl.bundle
08:31:39.206 [JavaFX Application Thread] DEBUG Async                - Shutting down background threads
08:31:39.207 [JavaFX Application Thread] DEBUG PrimaryStageWindow   - Closing main window
08:31:39.219 [JavaFX Application Thread] DEBUG Logger               - Closing Logger
