08:25:09.136 [main                     ] DEBUG Logger               - Configured Logger
08:25:09.143 [main                     ] DEBUG GameApplication      - Logging settings
Title: RoyalWar
Version: 0.0
Width: 960
Height: 720
Fullscreen: false
Intro: false
Profiling: false
Single step:false
App Mode: DEVELOPER
Menu Key: ESCAPE
Stage Style: DECORATED
Scene Factory: class com.almasb.fxgl.app.scene.SceneFactory

08:25:09.507 [JavaFX Application Thread] DEBUG FXGLApplication      - Initializing FXGL
08:25:09.509 [JavaFX Application Thread] INFO  Engine               - FXGL-21.1 (26.03.2024 17.33) on WINDOWS (J:24.0.1 FX:21.0.1)
08:25:09.509 [JavaFX Application Thread] DEBUG Engine               - JRE Vendor Name: Oracle Corporation
08:25:09.509 [JavaFX Application Thread] DEBUG Engine               - Running on OS: Windows 11 version 10.0
08:25:09.510 [JavaFX Application Thread] DEBUG Engine               - Architecture: amd64
08:25:09.510 [JavaFX Application Thread] INFO  Engine               - Source code and latest versions at: https://github.com/AlmasB/FXGL
08:25:09.510 [JavaFX Application Thread] INFO  Engine               -       Ask questions and discuss at: https://github.com/AlmasB/FXGL/discussions
08:25:09.510 [JavaFX Application Thread] INFO  Engine               -              Join the FXGL chat at: https://gitter.im/AlmasB/FXGL
08:25:09.599 [JavaFX Application Thread] DEBUG PrimaryStageWindow   - Creating a JavaFX scene
08:25:09.639 [JavaFX Application Thread] DEBUG PrimaryStageWindow   - Target settings size: 960.0 x 720.0
08:25:09.639 [JavaFX Application Thread] DEBUG PrimaryStageWindow   - Scaled scene size:    960.0 x 720.0
08:25:09.639 [JavaFX Application Thread] DEBUG PrimaryStageWindow   - Scaled ratio: (1.0, 1.0)
08:25:09.641 [JavaFX Application Thread] DEBUG PrimaryStageWindow   - Set initial scene to FXGLStartupScene
08:25:09.648 [JavaFX Application Thread] DEBUG PrimaryStageWindow   - Opening main window
08:25:09.724 [JavaFX Application Thread] DEBUG PrimaryStageWindow   - Window border size: (14.4000244140625, 37.5999755859375)
08:25:09.724 [JavaFX Application Thread] DEBUG PrimaryStageWindow   - Scaled size: 960.0 x 720.0
08:25:09.724 [JavaFX Application Thread] DEBUG PrimaryStageWindow   - Scaled ratio: (1.0, 1.0)
08:25:09.724 [JavaFX Application Thread] DEBUG PrimaryStageWindow   - Scene size: 960.0 x 720.0
08:25:09.724 [JavaFX Application Thread] DEBUG PrimaryStageWindow   - Stage size: 974.4000244140625 x 757.5999755859375
08:25:09.729 [FXGL Background Thread 1 ] DEBUG Engine               - Initializing environment variables
08:25:09.779 [FXGL Background Thread 1 ] DEBUG FXGLAssetLoaderServi - User app class for loading assets: class RoyalWarApp
08:25:09.779 [FXGL Background Thread 1 ] DEBUG GameApplicationServi - Applying CSS: fxgl_dark.css
08:25:09.780 [FXGL Background Thread 1 ] DEBUG FXGLAssetLoaderServi - Loading from file system: jar:file:/C:/Users/ClivkRayaneh/Desktop/fxgl-21.1-uber.jar!/fxglassets/ui/css/fxgl_dark.css
08:25:09.825 [FXGL Background Thread 1 ] DEBUG GameApplicationServi - Initializing application scenes
08:25:09.879 [FXGL Background Thread 1 ] DEBUG GameWorld            - Game world initialized
08:25:09.921 [FXGL Background Thread 1 ] DEBUG PhysicsWorld         - Physics world initialized: appHeight=720, physics.ppm=50.0
08:25:09.922 [FXGL Background Thread 1 ] DEBUG PhysicsWorld         - Using strategy: BRUTE_FORCE
08:25:09.926 [FXGL Background Thread 1 ] DEBUG GameScene            - Game scene initialized: 960x720
08:25:09.936 [FXGL Background Thread 1 ] DEBUG FXGL.DefaultMenu     - createMenuBodyGameMenu()
08:25:09.950 [FXGL Background Thread 1 ] DEBUG FXGL.DefaultMenu     - createOptionsMenu()
08:25:09.961 [FXGL Background Thread 1 ] DEBUG FXGLAssetLoaderServi - Loading from file system: jar:file:/C:/Users/ClivkRayaneh/Desktop/fxgl-21.1-uber.jar!/fxglassets/textures/particles/smoke.png
08:25:10.050 [FXGL Background Thread 1 ] DEBUG FXGLAssetLoaderServi - Loading from file system: jar:file:/C:/Users/ClivkRayaneh/Desktop/fxgl-21.1-uber.jar!/fxglassets/textures/particles/trace_horizontal.png
08:25:10.067 [FXGL Background Thread 1 ] DEBUG GameApplicationServi - Application scenes initialized
08:25:10.076 [FXGL Background Thread 1 ] DEBUG SystemBundleService  - Loading FXGL system data
08:25:10.077 [FXGL Background Thread 1 ] DEBUG FileSystemAccess     - Reading from: C:\Users\ClivkRayaneh\Desktop\code\java&C\game AP\RoyalWar\system\fxgl.bundle
08:25:10.078 [FXGL Background Thread 1 ] DEBUG SystemBundleService  - Bundle FXGL: {}
08:25:10.078 [FXGL Background Thread 1 ] DEBUG UpdaterService       - Checking for updates
08:25:10.106 [FXGL Background Thread 4 ] DEBUG FXGLApplication      - Loading fonts
08:25:10.106 [FXGL Background Thread 4 ] DEBUG FXGLAssetLoaderServi - Loading from file system: jar:file:/C:/Users/ClivkRayaneh/Desktop/fxgl-21.1-uber.jar!/fxglassets/ui/fonts/VarelaRound-Regular.ttf
08:25:10.106 [FXGL Background Thread 1 ] DEBUG FXGLApplication      - Loading default localization
08:25:10.106 [FXGL Background Thread 1 ] DEBUG FXGLAssetLoaderServi - Loading from file system: jar:file:/C:/Users/ClivkRayaneh/Desktop/fxgl-21.1-uber.jar!/fxglassets/languages/english.lang
08:25:10.119 [FXGL Background Thread 4 ] DEBUG FXGLAssetLoaderServi - Loading from file system: jar:file:/C:/Users/ClivkRayaneh/Desktop/fxgl-21.1-uber.jar!/fxglassets/ui/fonts/Abel-Regular.ttf
08:25:10.122 [FXGL Background Thread 4 ] DEBUG FXGLAssetLoaderServi - Loading from file system: jar:file:/C:/Users/ClivkRayaneh/Desktop/fxgl-21.1-uber.jar!/fxglassets/ui/fonts/TerminalLandMono-Regular.otf
08:25:10.124 [FXGL Background Thread 4 ] DEBUG FXGLAssetLoaderServi - Loading from file system: jar:file:/C:/Users/ClivkRayaneh/Desktop/fxgl-21.1-uber.jar!/fxglassets/ui/fonts/Courier-Prime.ttf
08:25:10.130 [JavaFX Application Thread] DEBUG FXGLApplication      - Registering font factories with UI factory
08:25:10.134 [FXGL Background Thread 1 ] INFO  FXGLApplication      - FXGL initialization took: 0.404 sec
08:25:10.143 [JavaFX Application Thread] DEBUG Input                - Registered new binding: action0 - W
08:25:10.143 [JavaFX Application Thread] DEBUG Input                - Registered new binding: action1 - S
08:25:10.144 [JavaFX Application Thread] DEBUG Input                - Registered new binding: action2 - A
08:25:10.144 [JavaFX Application Thread] DEBUG Input                - Registered new binding: action3 - D
08:25:10.144 [JavaFX Application Thread] DEBUG Input                - Registered new binding: action4 - E
08:25:10.144 [JavaFX Application Thread] DEBUG Input                - Registered new binding: action5 - H
08:25:10.144 [JavaFX Application Thread] DEBUG Input                - Registered new binding: action6 - L
08:25:10.145 [JavaFX Application Thread] DEBUG FXGLAssetLoaderServi - Loading from file system: jar:file:/C:/Users/ClivkRayaneh/Desktop/fxgl-21.1-uber.jar!/fxglassets/textures/fxgl_icon.png
08:25:10.165 [JavaFX Application Thread] DEBUG FXGLAssetLoaderServi - Loading from file system: jar:file:/C:/Users/ClivkRayaneh/Desktop/fxgl-21.1-uber.jar!/fxglassets/textures/fxgl_default_cursor.png
08:25:10.169 [JavaFX Application Thread] DEBUG Input                - Registered new binding: Screenshot - CTRL+8
08:25:10.171 [JavaFX Application Thread] DEBUG Input                - Registered new binding: Dev Options - 1
08:25:10.172 [JavaFX Application Thread] DEBUG Input                - Registered new binding: Dev Console - 2
08:25:10.173 [JavaFX Application Thread] DEBUG Input                - Registered new binding: System info dump - CTRL+9
08:25:10.174 [JavaFX Application Thread] DEBUG Input                - Registered new binding: Restart - CTRL+R
08:25:10.177 [JavaFX Application Thread] DEBUG Input                - Registered new binding: Toggle Debug Camera - CTRL+7
08:25:10.187 [JavaFX Application Thread] DEBUG LoopRunner           - Starting loop
08:25:10.201 [JavaFX Application Thread] DEBUG LoopRunner           - Initializing JavaFX AnimationTimerLoop
08:25:10.202 [JavaFX Application Thread] DEBUG GameApplicationServi - Starting new game
08:25:10.202 [JavaFX Application Thread] DEBUG Input                - Clearing active input actions
08:25:10.215 [JavaFX Application Thread] DEBUG GameApplicationServi - Removing overlay from FXGLStartupScene and adding to FXGLLoadingScene
08:25:10.218 [JavaFX Application Thread] DEBUG PrimaryStageWindow   - FXGLStartupScene -> FXGLLoadingScene
08:25:10.218 [JavaFX Application Thread] DEBUG GameApplicationServi - Clearing previous game
08:25:10.218 [JavaFX Application Thread] DEBUG GameScene            - Clearing game scene
08:25:10.219 [JavaFX Application Thread] DEBUG GameWorld            - Clearing game world
08:25:10.219 [JavaFX Application Thread] DEBUG PhysicsWorld         - Clearing physics world
08:25:10.220 [FXGL Background Thread 1 ] DEBUG FXGLApplication      - Initializing game
08:25:10.225 [FXGL Background Thread 1 ] INFO  FXGLApplication      - Game initialization took: 0.005 sec
08:25:10.413 [JavaFX Application Thread] DEBUG Input                - Clearing active input actions
08:25:10.418 [JavaFX Application Thread] DEBUG GameApplicationServi - Removing overlay from FXGLLoadingScene and adding to GameScene
08:25:10.421 [JavaFX Application Thread] DEBUG PrimaryStageWindow   - FXGLLoadingScene -> GameScene
08:25:13.105 [FXGL Background Thread 3 ] DEBUG Engine               - Logging environment variables
08:25:13.106 [FXGL Background Thread 3 ] DEBUG Engine               - achievements: []
08:25:13.106 [FXGL Background Thread 3 ] DEBUG Engine               - actualHeight: 720.0
08:25:13.106 [FXGL Background Thread 3 ] DEBUG Engine               - actualHeightProperty: ReadOnlyDoubleProperty [value: 720.0]
08:25:13.106 [FXGL Background Thread 3 ] DEBUG Engine               - actualWidth: 960.0
08:25:13.106 [FXGL Background Thread 3 ] DEBUG Engine               - actualWidthProperty: ReadOnlyDoubleProperty [value: 960.0]
08:25:13.106 [FXGL Background Thread 3 ] DEBUG Engine               - appIcon: fxgl_icon.png
08:25:13.107 [FXGL Background Thread 3 ] DEBUG Engine               - applicationMode: DEVELOPER
08:25:13.107 [FXGL Background Thread 3 ] DEBUG Engine               - cSSList: [fxgl_dark.css]
08:25:13.107 [FXGL Background Thread 3 ] DEBUG Engine               - collisionDetectionStrategy: BRUTE_FORCE
08:25:13.107 [FXGL Background Thread 3 ] DEBUG Engine               - configClass: Optional.empty
08:25:13.107 [FXGL Background Thread 3 ] DEBUG Engine               - credits: []
08:25:13.108 [FXGL Background Thread 3 ] DEBUG Engine               - defaultCursor: CursorInfo(imageName=fxgl_default_cursor.png, hotspotX=7.0, hotspotY=6.0)
08:25:13.109 [FXGL Background Thread 3 ] DEBUG Engine               - devBBoxColorProperty: ObjectProperty [value: 0xff0000ff]
08:25:13.109 [FXGL Background Thread 3 ] DEBUG Engine               - devEnableDebugCameraProperty: BooleanProperty [value: false]
08:25:13.109 [FXGL Background Thread 3 ] DEBUG Engine               - devSensorColorProperty: ObjectProperty [value: 0xffff00ff]
08:25:13.109 [FXGL Background Thread 3 ] DEBUG Engine               - devShowBBoxProperty: BooleanProperty [value: false]
08:25:13.109 [FXGL Background Thread 3 ] DEBUG Engine               - devShowPositionProperty: BooleanProperty [value: false]
08:25:13.109 [FXGL Background Thread 3 ] DEBUG Engine               - enabledMenuItems: []
08:25:13.109 [FXGL Background Thread 3 ] DEBUG Engine               - engineServices: [class com.almasb.fxgl.app.services.FXGLAssetLoaderService, class com.almasb.fxgl.app.FXGLApplication$GameApplicationService, class com.almasb.fxgl.app.services.FXGLDialogService, class com.almasb.fxgl.app.services.IOTaskExecutorService, class com.almasb.fxgl.io.FileSystemService, class com.almasb.fxgl.localization.LocalizationService, class com.almasb.fxgl.app.services.SystemBundleService, class com.almasb.fxgl.profile.SaveLoadService, class com.almasb.fxgl.ui.FXGLUIFactoryServiceProvider, class com.almasb.fxgl.ui.FXGLDialogFactoryServiceProvider, class com.almasb.fxgl.audio.AudioPlayer, class com.almasb.fxgl.notification.impl.NotificationServiceProvider, class com.almasb.fxgl.achievement.AchievementService, class com.almasb.fxgl.cutscene.CutsceneService, class com.almasb.fxgl.minigames.MiniGameService, class com.almasb.fxgl.net.NetService, class com.almasb.fxgl.app.services.UpdaterService, class com.almasb.fxgl.dev.DevService]
08:25:13.109 [FXGL Background Thread 3 ] DEBUG Engine               - fontGame: Abel-Regular.ttf
08:25:13.110 [FXGL Background Thread 3 ] DEBUG Engine               - fontMono: TerminalLandMono-Regular.otf
08:25:13.110 [FXGL Background Thread 3 ] DEBUG Engine               - fontSizeScaleUI: 1.0
08:25:13.110 [FXGL Background Thread 3 ] DEBUG Engine               - fontText: Courier-Prime.ttf
08:25:13.110 [FXGL Background Thread 3 ] DEBUG Engine               - fontUI: VarelaRound-Regular.ttf
08:25:13.110 [FXGL Background Thread 3 ] DEBUG Engine               - fullScreen: BooleanProperty [value: false]
08:25:13.110 [FXGL Background Thread 3 ] DEBUG Engine               - gameDifficulty: MEDIUM
08:25:13.110 [FXGL Background Thread 3 ] DEBUG Engine               - gameDifficultyProperty: ObjectProperty [value: MEDIUM]
08:25:13.110 [FXGL Background Thread 3 ] DEBUG Engine               - globalMusicVolume: 0.5
08:25:13.110 [FXGL Background Thread 3 ] DEBUG Engine               - globalMusicVolumeProperty: DoubleProperty [value: 0.5]
08:25:13.110 [FXGL Background Thread 3 ] DEBUG Engine               - globalSoundVolume: 0.5
08:25:13.110 [FXGL Background Thread 3 ] DEBUG Engine               - globalSoundVolumeProperty: DoubleProperty [value: 0.5]
08:25:13.110 [FXGL Background Thread 3 ] DEBUG Engine               - height: 720
08:25:13.110 [FXGL Background Thread 3 ] DEBUG Engine               - is3D: false
08:25:13.110 [FXGL Background Thread 3 ] DEBUG Engine               - isAndroid: false
08:25:13.110 [FXGL Background Thread 3 ] DEBUG Engine               - isBrowser: false
08:25:13.110 [FXGL Background Thread 3 ] DEBUG Engine               - isClickFeedbackEnabled: false
08:25:13.110 [FXGL Background Thread 3 ] DEBUG Engine               - isCloseConfirmation: false
08:25:13.110 [FXGL Background Thread 3 ] DEBUG Engine               - isDesktop: true
08:25:13.111 [FXGL Background Thread 3 ] DEBUG Engine               - isDeveloperMenuEnabled: true
08:25:13.111 [FXGL Background Thread 3 ] DEBUG Engine               - isEmbedded: false
08:25:13.111 [FXGL Background Thread 3 ] DEBUG Engine               - isEntityPreloadEnabled: true
08:25:13.111 [FXGL Background Thread 3 ] DEBUG Engine               - isExperimentalTiledLargeMap: false
08:25:13.111 [FXGL Background Thread 3 ] DEBUG Engine               - isFileSystemWriteAllowed: true
08:25:13.112 [FXGL Background Thread 3 ] DEBUG Engine               - isFullScreenAllowed: false
08:25:13.112 [FXGL Background Thread 3 ] DEBUG Engine               - isFullScreenFromStart: false
08:25:13.112 [FXGL Background Thread 3 ] DEBUG Engine               - isGameMenuEnabled: true
08:25:13.112 [FXGL Background Thread 3 ] DEBUG Engine               - isIOS: false
08:25:13.112 [FXGL Background Thread 3 ] DEBUG Engine               - isIntroEnabled: false
08:25:13.112 [FXGL Background Thread 3 ] DEBUG Engine               - isLinux: false
08:25:13.112 [FXGL Background Thread 3 ] DEBUG Engine               - isMac: false
08:25:13.112 [FXGL Background Thread 3 ] DEBUG Engine               - isMainMenuEnabled: false
08:25:13.112 [FXGL Background Thread 3 ] DEBUG Engine               - isManualResizeEnabled: false
08:25:13.112 [FXGL Background Thread 3 ] DEBUG Engine               - isMobile: false
08:25:13.112 [FXGL Background Thread 3 ] DEBUG Engine               - isNative: false
08:25:13.112 [FXGL Background Thread 3 ] DEBUG Engine               - isPauseMusicWhenMinimized: true
08:25:13.113 [FXGL Background Thread 3 ] DEBUG Engine               - isPreserveResizeRatio: false
08:25:13.113 [FXGL Background Thread 3 ] DEBUG Engine               - isProfilingEnabled: false
08:25:13.113 [FXGL Background Thread 3 ] DEBUG Engine               - isScaleAffectedOnResize: true
08:25:13.113 [FXGL Background Thread 3 ] DEBUG Engine               - isSingleStep: false
08:25:13.113 [FXGL Background Thread 3 ] DEBUG Engine               - isUserProfileEnabled: false
08:25:13.113 [FXGL Background Thread 3 ] DEBUG Engine               - isWindows: true
08:25:13.113 [FXGL Background Thread 3 ] DEBUG Engine               - language: ObjectProperty [value: ENGLISH]
08:25:13.113 [FXGL Background Thread 3 ] DEBUG Engine               - menuKey: ESCAPE
08:25:13.113 [FXGL Background Thread 3 ] DEBUG Engine               - mouseSensitivity: 0.2
08:25:13.113 [FXGL Background Thread 3 ] DEBUG Engine               - notificationViewClass: class com.almasb.fxgl.notification.view.XboxNotificationView
08:25:13.113 [FXGL Background Thread 3 ] DEBUG Engine               - pixelsPerMeter: 50.0
08:25:13.113 [FXGL Background Thread 3 ] DEBUG Engine               - platform: WINDOWS
08:25:13.113 [FXGL Background Thread 3 ] DEBUG Engine               - prefHeightProperty: ReadOnlyDoubleProperty [value: 720.0]
08:25:13.113 [FXGL Background Thread 3 ] DEBUG Engine               - prefWidthProperty: ReadOnlyDoubleProperty [value: 960.0]
08:25:13.113 [FXGL Background Thread 3 ] DEBUG Engine               - profileDir: profiles/
08:25:13.113 [FXGL Background Thread 3 ] DEBUG Engine               - profileName: StringProperty [value: DEFAULT]
08:25:13.113 [FXGL Background Thread 3 ] DEBUG Engine               - randomSeed: -1
08:25:13.113 [FXGL Background Thread 3 ] DEBUG Engine               - runtimeInfo: RuntimeInfo(platform=WINDOWS, version=21.1, build=26.03.2024 17.33)
08:25:13.113 [FXGL Background Thread 3 ] DEBUG Engine               - saveFileExt: sav
08:25:13.113 [FXGL Background Thread 3 ] DEBUG Engine               - scaledHeightProp$fxgl: DoubleProperty [bound, value: 720.0]
08:25:13.113 [FXGL Background Thread 3 ] DEBUG Engine               - scaledWidthProp$fxgl: DoubleProperty [bound, value: 960.0]
08:25:13.113 [FXGL Background Thread 3 ] DEBUG Engine               - sceneFactory: com.almasb.fxgl.app.scene.SceneFactory@6d6639a4
08:25:13.113 [FXGL Background Thread 3 ] DEBUG Engine               - secondsIn24h: 60
08:25:13.113 [FXGL Background Thread 3 ] DEBUG Engine               - soundMenuBack: menu/back.wav
08:25:13.113 [FXGL Background Thread 3 ] DEBUG Engine               - soundMenuPress: menu/press.wav
08:25:13.113 [FXGL Background Thread 3 ] DEBUG Engine               - soundMenuSelect: menu/select.wav
08:25:13.113 [FXGL Background Thread 3 ] DEBUG Engine               - soundNotification: core/notification.wav
08:25:13.113 [FXGL Background Thread 3 ] DEBUG Engine               - stageStyle: DECORATED
08:25:13.113 [FXGL Background Thread 3 ] DEBUG Engine               - supportedLanguages: [ENGLISH, FRENCH, GERMAN, HUNGARIAN, RUSSIAN]
08:25:13.114 [FXGL Background Thread 3 ] DEBUG Engine               - ticksPerSecond: -1
08:25:13.114 [FXGL Background Thread 3 ] DEBUG Engine               - title: RoyalWar
08:25:13.114 [FXGL Background Thread 3 ] DEBUG Engine               - urlGithub: https://github.com/AlmasB/FXGL
08:25:13.114 [FXGL Background Thread 3 ] DEBUG Engine               - urlLeaderboard: http://fxgl-top.herokuapp.com/
08:25:13.114 [FXGL Background Thread 3 ] DEBUG Engine               - urlPOM: https://raw.githubusercontent.com/AlmasB/FXGL/release/README.md
08:25:13.114 [FXGL Background Thread 3 ] DEBUG Engine               - userAppClass: class RoyalWarApp
08:25:13.114 [FXGL Background Thread 3 ] DEBUG Engine               - version: 0.0
08:25:13.114 [FXGL Background Thread 3 ] DEBUG Engine               - versionCheckDays: 7
08:25:13.114 [FXGL Background Thread 3 ] DEBUG Engine               - width: 960
08:25:13.114 [FXGL Background Thread 3 ] DEBUG Engine               - Logging services
08:25:13.114 [FXGL Background Thread 3 ] DEBUG Engine               - class com.almasb.fxgl.app.services.FXGLAssetLoaderService
08:25:13.114 [FXGL Background Thread 3 ] DEBUG Engine               - class com.almasb.fxgl.app.FXGLApplication$GameApplicationService
08:25:13.114 [FXGL Background Thread 3 ] DEBUG Engine               - class com.almasb.fxgl.app.services.FXGLDialogService
08:25:13.114 [FXGL Background Thread 3 ] DEBUG Engine               - class com.almasb.fxgl.app.services.IOTaskExecutorService
08:25:13.114 [FXGL Background Thread 3 ] DEBUG Engine               - class com.almasb.fxgl.io.FileSystemService
08:25:13.114 [FXGL Background Thread 3 ] DEBUG Engine               - class com.almasb.fxgl.localization.LocalizationService
08:25:13.114 [FXGL Background Thread 3 ] DEBUG Engine               - class com.almasb.fxgl.app.services.SystemBundleService
08:25:13.114 [FXGL Background Thread 3 ] DEBUG Engine               - class com.almasb.fxgl.profile.SaveLoadService
08:25:13.114 [FXGL Background Thread 3 ] DEBUG Engine               - class com.almasb.fxgl.ui.FXGLUIFactoryServiceProvider
08:25:13.114 [FXGL Background Thread 3 ] DEBUG Engine               - class com.almasb.fxgl.ui.FXGLDialogFactoryServiceProvider
08:25:13.114 [FXGL Background Thread 3 ] DEBUG Engine               - class com.almasb.fxgl.audio.AudioPlayer
08:25:13.114 [FXGL Background Thread 3 ] DEBUG Engine               - class com.almasb.fxgl.notification.impl.NotificationServiceProvider
08:25:13.114 [FXGL Background Thread 3 ] DEBUG Engine               - class com.almasb.fxgl.achievement.AchievementService
08:25:13.114 [FXGL Background Thread 3 ] DEBUG Engine               - class com.almasb.fxgl.cutscene.CutsceneService
08:25:13.114 [FXGL Background Thread 3 ] DEBUG Engine               - class com.almasb.fxgl.minigames.MiniGameService
08:25:13.114 [FXGL Background Thread 3 ] DEBUG Engine               - class com.almasb.fxgl.net.NetService
08:25:13.114 [FXGL Background Thread 3 ] DEBUG Engine               - class com.almasb.fxgl.app.services.UpdaterService
08:25:13.114 [FXGL Background Thread 3 ] DEBUG Engine               - class com.almasb.fxgl.dev.DevService
08:25:19.063 [JavaFX Application Thread] DEBUG PrimaryStageWindow   - Push state: DialogSubScene
08:25:19.063 [JavaFX Application Thread] DEBUG Input                - Clearing active input actions
08:25:19.064 [JavaFX Application Thread] DEBUG GameApplicationServi - Removing overlay from GameScene and adding to DialogSubScene
08:25:19.066 [JavaFX Application Thread] DEBUG PrimaryStageWindow   - GameScene -> DialogSubScene
08:25:20.068 [JavaFX Application Thread] DEBUG PrimaryStageWindow   - Pop state: DialogSubScene
08:25:20.068 [JavaFX Application Thread] DEBUG Input                - Clearing active input actions
08:25:20.068 [JavaFX Application Thread] DEBUG GameApplicationServi - Removing overlay from DialogSubScene and adding to GameScene
08:25:20.068 [JavaFX Application Thread] DEBUG PrimaryStageWindow   - GameScene <- DialogSubScene
08:25:23.005 [JavaFX Application Thread] DEBUG PrimaryStageWindow   - Push state: DialogSubScene
08:25:23.005 [JavaFX Application Thread] DEBUG Input                - Clearing active input actions
08:25:23.005 [JavaFX Application Thread] DEBUG GameApplicationServi - Removing overlay from GameScene and adding to DialogSubScene
08:25:23.006 [JavaFX Application Thread] DEBUG PrimaryStageWindow   - GameScene -> DialogSubScene
08:25:23.539 [JavaFX Application Thread] DEBUG PrimaryStageWindow   - Pop state: DialogSubScene
08:25:23.539 [JavaFX Application Thread] DEBUG Input                - Clearing active input actions
08:25:23.540 [JavaFX Application Thread] DEBUG GameApplicationServi - Removing overlay from DialogSubScene and adding to GameScene
08:25:23.541 [JavaFX Application Thread] DEBUG PrimaryStageWindow   - GameScene <- DialogSubScene
08:25:28.870 [JavaFX Application Thread] DEBUG PrimaryStageWindow   - Push state: DialogSubScene
08:25:28.870 [JavaFX Application Thread] DEBUG Input                - Clearing active input actions
08:25:28.870 [JavaFX Application Thread] DEBUG GameApplicationServi - Removing overlay from GameScene and adding to DialogSubScene
08:25:28.871 [JavaFX Application Thread] DEBUG PrimaryStageWindow   - GameScene -> DialogSubScene
08:25:29.340 [JavaFX Application Thread] DEBUG PrimaryStageWindow   - Pop state: DialogSubScene
08:25:29.340 [JavaFX Application Thread] DEBUG Input                - Clearing active input actions
08:25:29.340 [JavaFX Application Thread] DEBUG GameApplicationServi - Removing overlay from DialogSubScene and adding to GameScene
08:25:29.342 [JavaFX Application Thread] DEBUG PrimaryStageWindow   - GameScene <- DialogSubScene
08:25:34.909 [JavaFX Application Thread] DEBUG PrimaryStageWindow   - Push state: DialogSubScene
08:25:34.909 [JavaFX Application Thread] DEBUG Input                - Clearing active input actions
08:25:34.909 [JavaFX Application Thread] DEBUG GameApplicationServi - Removing overlay from GameScene and adding to DialogSubScene
08:25:34.910 [JavaFX Application Thread] DEBUG PrimaryStageWindow   - GameScene -> DialogSubScene
08:25:35.764 [JavaFX Application Thread] DEBUG PrimaryStageWindow   - Pop state: DialogSubScene
08:25:35.764 [JavaFX Application Thread] DEBUG Input                - Clearing active input actions
08:25:35.764 [JavaFX Application Thread] DEBUG GameApplicationServi - Removing overlay from DialogSubScene and adding to GameScene
08:25:35.765 [JavaFX Application Thread] DEBUG PrimaryStageWindow   - GameScene <- DialogSubScene
08:26:31.589 [JavaFX Application Thread] DEBUG FXGLApplication      - Exiting FXGL
08:26:31.589 [JavaFX Application Thread] DEBUG LoopRunner           - Stopping loop
08:26:31.589 [JavaFX Application Thread] DEBUG SystemBundleService  - Saving FXGL system data
08:26:31.590 [JavaFX Application Thread] DEBUG FileSystemAccess     - Writing to: C:\Users\ClivkRayaneh\Desktop\code\java&C\game AP\RoyalWar\system\fxgl.bundle
08:26:31.592 [JavaFX Application Thread] DEBUG Async                - Shutting down background threads
08:26:31.592 [JavaFX Application Thread] DEBUG PrimaryStageWindow   - Closing main window
08:26:31.604 [JavaFX Application Thread] DEBUG Logger               - Closing Logger
