06:27:11.508 [main                     ] DEBUG Logger               - Configured Logger
06:27:11.513 [main                     ] DEBUG GameApplication      - Logging settings
Title: Royal War
Version: 0.1
Width: 1280
Height: 720
Fullscreen: true
Intro: false
Profiling: false
Single step:false
App Mode: DEVELOPER
Menu Key: ESCAPE
Stage Style: DECORATED
Scene Factory: class com.almasb.fxgl.app.scene.SceneFactory

06:27:11.837 [JavaFX Application Thread] DEBUG FXGLApplication      - Initializing FXGL
06:27:11.839 [JavaFX Application Thread] INFO  Engine               - FXGL-21.1 (26.03.2024 17.33) on WINDOWS (J:24.0.1 FX:21.0.1)
06:27:11.839 [JavaFX Application Thread] DEBUG Engine               - JRE Vendor Name: Oracle Corporation
06:27:11.839 [JavaFX Application Thread] DEBUG Engine               - Running on OS: Windows 11 version 10.0
06:27:11.839 [JavaFX Application Thread] DEBUG Engine               - Architecture: amd64
06:27:11.839 [JavaFX Application Thread] INFO  Engine               - Source code and latest versions at: https://github.com/AlmasB/FXGL
06:27:11.839 [JavaFX Application Thread] INFO  Engine               -       Ask questions and discuss at: https://github.com/AlmasB/FXGL/discussions
06:27:11.839 [JavaFX Application Thread] INFO  Engine               -              Join the FXGL chat at: https://gitter.im/AlmasB/FXGL
06:27:11.913 [JavaFX Application Thread] DEBUG PrimaryStageWindow   - Creating a JavaFX scene
06:27:11.952 [JavaFX Application Thread] DEBUG PrimaryStageWindow   - Target settings size: 1280.0 x 720.0
06:27:11.953 [JavaFX Application Thread] DEBUG PrimaryStageWindow   - Scaled scene size:    1280.0 x 720.0
06:27:11.953 [JavaFX Application Thread] DEBUG PrimaryStageWindow   - Scaled ratio: (1.0, 1.0)
06:27:11.954 [JavaFX Application Thread] DEBUG PrimaryStageWindow   - Set initial scene to FXGLStartupScene
06:27:11.957 [JavaFX Application Thread] DEBUG PrimaryStageWindow   - Opening main window
06:27:12.022 [JavaFX Application Thread] DEBUG PrimaryStageWindow   - Window border size: (14.4000244140625, 37.5999755859375)
06:27:12.022 [JavaFX Application Thread] DEBUG PrimaryStageWindow   - Scaled size: 1280.0 x 720.0
06:27:12.022 [JavaFX Application Thread] DEBUG PrimaryStageWindow   - Scaled ratio: (1.0, 1.0)
06:27:12.022 [JavaFX Application Thread] DEBUG PrimaryStageWindow   - Scene size: 1280.0 x 720.0
06:27:12.022 [JavaFX Application Thread] DEBUG PrimaryStageWindow   - Stage size: 1294.4000244140625 x 757.5999755859375
06:27:12.027 [FXGL Background Thread 1 ] DEBUG Engine               - Initializing environment variables
06:27:12.067 [FXGL Background Thread 1 ] DEBUG FXGLAssetLoaderServi - User app class for loading assets: class Main
06:27:12.067 [FXGL Background Thread 1 ] DEBUG GameApplicationServi - Applying CSS: fxgl_dark.css
06:27:12.068 [FXGL Background Thread 1 ] DEBUG FXGLAssetLoaderServi - Loading from file system: jar:file:/C:/Users/ClivkRayaneh/Desktop/fxgl-21.1-uber.jar!/fxglassets/ui/css/fxgl_dark.css
06:27:12.105 [FXGL Background Thread 1 ] DEBUG GameApplicationServi - Initializing application scenes
06:27:12.152 [FXGL Background Thread 1 ] DEBUG GameWorld            - Game world initialized
06:27:12.194 [FXGL Background Thread 1 ] DEBUG PhysicsWorld         - Physics world initialized: appHeight=720, physics.ppm=50.0
06:27:12.194 [FXGL Background Thread 1 ] DEBUG PhysicsWorld         - Using strategy: BRUTE_FORCE
06:27:12.197 [FXGL Background Thread 1 ] DEBUG GameScene            - Game scene initialized: 1280x720
06:27:12.206 [FXGL Background Thread 1 ] DEBUG FXGL.DefaultMenu     - createMenuBodyMainMenu()
06:27:12.218 [FXGL Background Thread 1 ] DEBUG FXGL.DefaultMenu     - createOptionsMenu()
06:27:12.228 [FXGL Background Thread 1 ] DEBUG FXGLAssetLoaderServi - Loading from file system: jar:file:/C:/Users/ClivkRayaneh/Desktop/fxgl-21.1-uber.jar!/fxglassets/textures/particles/smoke.png
06:27:12.304 [FXGL Background Thread 1 ] DEBUG FXGLAssetLoaderServi - Loading from file system: jar:file:/C:/Users/ClivkRayaneh/Desktop/fxgl-21.1-uber.jar!/fxglassets/textures/particles/trace_horizontal.png
06:27:12.326 [FXGL Background Thread 1 ] DEBUG FXGL.DefaultMenu     - createMenuBodyGameMenu()
06:27:12.327 [FXGL Background Thread 1 ] DEBUG FXGL.DefaultMenu     - createOptionsMenu()
06:27:12.338 [FXGL Background Thread 1 ] DEBUG GameApplicationServi - Application scenes initialized
06:27:12.345 [FXGL Background Thread 1 ] DEBUG SystemBundleService  - Loading FXGL system data
06:27:12.346 [FXGL Background Thread 1 ] DEBUG FileSystemAccess     - Reading from: C:\Users\ClivkRayaneh\Desktop\projest\game AP\RoyalWar\system\fxgl.bundle
06:27:12.348 [FXGL Background Thread 1 ] DEBUG SystemBundleService  - Bundle FXGL: {}
06:27:12.348 [FXGL Background Thread 1 ] DEBUG UpdaterService       - Checking for updates
06:27:12.350 [FXGL Background Thread 4 ] DEBUG FXGLApplication      - Loading fonts
06:27:12.351 [FXGL Background Thread 1 ] DEBUG FXGLApplication      - Loading default localization
06:27:12.351 [FXGL Background Thread 4 ] DEBUG FXGLAssetLoaderServi - Loading from file system: jar:file:/C:/Users/ClivkRayaneh/Desktop/fxgl-21.1-uber.jar!/fxglassets/ui/fonts/VarelaRound-Regular.ttf
06:27:12.351 [FXGL Background Thread 1 ] DEBUG FXGLAssetLoaderServi - Loading from file system: jar:file:/C:/Users/ClivkRayaneh/Desktop/fxgl-21.1-uber.jar!/fxglassets/languages/english.lang
06:27:12.361 [FXGL Background Thread 4 ] DEBUG FXGLAssetLoaderServi - Loading from file system: jar:file:/C:/Users/ClivkRayaneh/Desktop/fxgl-21.1-uber.jar!/fxglassets/ui/fonts/Abel-Regular.ttf
06:27:12.364 [FXGL Background Thread 4 ] DEBUG FXGLAssetLoaderServi - Loading from file system: jar:file:/C:/Users/ClivkRayaneh/Desktop/fxgl-21.1-uber.jar!/fxglassets/ui/fonts/TerminalLandMono-Regular.otf
06:27:12.367 [FXGL Background Thread 4 ] DEBUG FXGLAssetLoaderServi - Loading from file system: jar:file:/C:/Users/ClivkRayaneh/Desktop/fxgl-21.1-uber.jar!/fxglassets/ui/fonts/Courier-Prime.ttf
06:27:12.372 [JavaFX Application Thread] DEBUG FXGLApplication      - Registering font factories with UI factory
06:27:12.394 [FXGL Background Thread 1 ] INFO  FXGLApplication      - FXGL initialization took: 0.368 sec
06:27:12.401 [JavaFX Application Thread] DEBUG Input                - Registered new binding: action0 - D
06:27:12.401 [JavaFX Application Thread] DEBUG Input                - Registered new binding: action1 - A
06:27:12.402 [JavaFX Application Thread] DEBUG Input                - Registered new binding: action2 - W
06:27:12.402 [JavaFX Application Thread] DEBUG Input                - Registered new binding: action3 - S
06:27:12.402 [JavaFX Application Thread] DEBUG Input                - Registered new binding: action4 - Right
06:27:12.404 [JavaFX Application Thread] DEBUG Input                - Registered new binding: action5 - Left
06:27:12.404 [JavaFX Application Thread] DEBUG Input                - Registered new binding: action6 - Up
06:27:12.404 [JavaFX Application Thread] DEBUG Input                - Registered new binding: action7 - Down
06:27:12.405 [JavaFX Application Thread] DEBUG FXGLAssetLoaderServi - Loading from file system: file:/C:/Users/ClivkRayaneh/Desktop/projest/game%20AP/RoyalWar/out/production/RoyalWar/assets/textures/app.png
06:27:12.503 [JavaFX Application Thread] DEBUG FXGLAssetLoaderServi - Loading from file system: jar:file:/C:/Users/ClivkRayaneh/Desktop/fxgl-21.1-uber.jar!/fxglassets/textures/fxgl_default_cursor.png
06:27:12.507 [JavaFX Application Thread] DEBUG Input                - Registered new binding: Screenshot - CTRL+8
06:27:12.507 [JavaFX Application Thread] DEBUG Input                - Registered new binding: System info dump - CTRL+9
06:27:12.508 [JavaFX Application Thread] DEBUG Input                - Registered new binding: Restart - CTRL+R
06:27:12.509 [JavaFX Application Thread] DEBUG Input                - Registered new binding: Toggle Debug Camera - CTRL+7
06:27:12.514 [JavaFX Application Thread] DEBUG LoopRunner           - Starting loop
06:27:12.514 [JavaFX Application Thread] DEBUG LoopRunner           - Initializing JavaFX AnimationTimerLoop
06:27:12.517 [JavaFX Application Thread] DEBUG Input                - Clearing active input actions
06:27:12.524 [JavaFX Application Thread] DEBUG GameApplicationServi - Removing overlay from FXGLStartupScene and adding to FXGLMainMenuDummyScene
06:27:12.524 [JavaFX Application Thread] DEBUG PrimaryStageWindow   - FXGLStartupScene -> FXGLMainMenuDummyScene
06:27:12.524 [JavaFX Application Thread] DEBUG PrimaryStageWindow   - Push state: FXGLDefaultMenu
06:27:12.531 [JavaFX Application Thread] DEBUG Input                - Clearing active input actions
06:27:12.537 [JavaFX Application Thread] DEBUG GameApplicationServi - Removing overlay from FXGLMainMenuDummyScene and adding to FXGLDefaultMenu
06:27:12.538 [JavaFX Application Thread] DEBUG PrimaryStageWindow   - FXGLMainMenuDummyScene -> FXGLDefaultMenu
06:27:13.699 [JavaFX Application Thread] DEBUG Menu                 - fireNewGame()
06:27:13.699 [JavaFX Application Thread] DEBUG GameApplicationServi - Starting new game
06:27:13.701 [JavaFX Application Thread] DEBUG PrimaryStageWindow   - Pop state: FXGLDefaultMenu
06:27:13.701 [JavaFX Application Thread] DEBUG Input                - Clearing active input actions
06:27:13.702 [JavaFX Application Thread] DEBUG GameApplicationServi - Removing overlay from FXGLDefaultMenu and adding to FXGLMainMenuDummyScene
06:27:13.702 [JavaFX Application Thread] DEBUG PrimaryStageWindow   - FXGLMainMenuDummyScene <- FXGLDefaultMenu
06:27:13.703 [JavaFX Application Thread] DEBUG Input                - Clearing active input actions
06:27:13.706 [JavaFX Application Thread] DEBUG GameApplicationServi - Removing overlay from FXGLMainMenuDummyScene and adding to FXGLLoadingScene
06:27:13.706 [JavaFX Application Thread] DEBUG PrimaryStageWindow   - FXGLMainMenuDummyScene -> FXGLLoadingScene
06:27:13.706 [JavaFX Application Thread] DEBUG GameApplicationServi - Clearing previous game
06:27:13.706 [JavaFX Application Thread] DEBUG GameScene            - Clearing game scene
06:27:13.706 [JavaFX Application Thread] DEBUG GameWorld            - Clearing game world
06:27:13.706 [JavaFX Application Thread] DEBUG PhysicsWorld         - Clearing physics world
06:27:13.710 [FXGL Background Thread 1 ] DEBUG FXGLApplication      - Initializing game
06:27:13.715 [FXGL Background Thread 1 ] DEBUG FXGLAssetLoaderServi - Loading from file system: file:/C:/Users/ClivkRayaneh/Desktop/projest/game%20AP/RoyalWar/out/production/RoyalWar/assets/textures/player1.png
06:27:13.743 [FXGL Background Thread 1 ] DEBUG FXGLAssetLoaderServi - Loading from file system: file:/C:/Users/ClivkRayaneh/Desktop/projest/game%20AP/RoyalWar/out/production/RoyalWar/assets/textures/player2.png
06:27:13.748 [FXGL Background Thread 1 ] DEBUG FXGLAssetLoaderServi - Loading from file system: file:/C:/Users/ClivkRayaneh/Desktop/projest/game%20AP/RoyalWar/out/production/RoyalWar/assets/textures/mars.png
06:27:13.880 [FXGL Background Thread 1 ] INFO  FXGLApplication      - Game initialization took: 0.170 sec
06:27:13.882 [JavaFX Application Thread] DEBUG Input                - Clearing active input actions
06:27:13.897 [JavaFX Application Thread] DEBUG GameApplicationServi - Removing overlay from FXGLLoadingScene and adding to GameScene
06:27:13.897 [JavaFX Application Thread] DEBUG PrimaryStageWindow   - FXGLLoadingScene -> GameScene
06:27:15.352 [FXGL Background Thread 3 ] DEBUG Engine               - Logging environment variables
06:27:15.352 [FXGL Background Thread 3 ] DEBUG Engine               - achievements: []
06:27:15.352 [FXGL Background Thread 3 ] DEBUG Engine               - actualHeight: 720.0
06:27:15.352 [FXGL Background Thread 3 ] DEBUG Engine               - actualHeightProperty: ReadOnlyDoubleProperty [value: 720.0]
06:27:15.352 [FXGL Background Thread 3 ] DEBUG Engine               - actualWidth: 1280.0
06:27:15.352 [FXGL Background Thread 3 ] DEBUG Engine               - actualWidthProperty: ReadOnlyDoubleProperty [value: 1280.0]
06:27:15.352 [FXGL Background Thread 3 ] DEBUG Engine               - appIcon: app.png
06:27:15.352 [FXGL Background Thread 3 ] DEBUG Engine               - applicationMode: DEVELOPER
06:27:15.352 [FXGL Background Thread 3 ] DEBUG Engine               - cSSList: [fxgl_dark.css]
06:27:15.352 [FXGL Background Thread 3 ] DEBUG Engine               - collisionDetectionStrategy: BRUTE_FORCE
06:27:15.353 [FXGL Background Thread 3 ] DEBUG Engine               - configClass: Optional.empty
06:27:15.353 [FXGL Background Thread 3 ] DEBUG Engine               - credits: []
06:27:15.353 [FXGL Background Thread 3 ] DEBUG Engine               - defaultCursor: CursorInfo(imageName=fxgl_default_cursor.png, hotspotX=7.0, hotspotY=6.0)
06:27:15.353 [FXGL Background Thread 3 ] DEBUG Engine               - devBBoxColorProperty: ObjectProperty [value: 0xff0000ff]
06:27:15.353 [FXGL Background Thread 3 ] DEBUG Engine               - devEnableDebugCameraProperty: BooleanProperty [value: false]
06:27:15.353 [FXGL Background Thread 3 ] DEBUG Engine               - devSensorColorProperty: ObjectProperty [value: 0xffff00ff]
06:27:15.353 [FXGL Background Thread 3 ] DEBUG Engine               - devShowBBoxProperty: BooleanProperty [value: false]
06:27:15.353 [FXGL Background Thread 3 ] DEBUG Engine               - devShowPositionProperty: BooleanProperty [value: false]
06:27:15.353 [FXGL Background Thread 3 ] DEBUG Engine               - enabledMenuItems: []
06:27:15.353 [FXGL Background Thread 3 ] DEBUG Engine               - engineServices: [class com.almasb.fxgl.app.services.FXGLAssetLoaderService, class com.almasb.fxgl.app.FXGLApplication$GameApplicationService, class com.almasb.fxgl.app.services.FXGLDialogService, class com.almasb.fxgl.app.services.IOTaskExecutorService, class com.almasb.fxgl.io.FileSystemService, class com.almasb.fxgl.localization.LocalizationService, class com.almasb.fxgl.app.services.SystemBundleService, class com.almasb.fxgl.profile.SaveLoadService, class com.almasb.fxgl.ui.FXGLUIFactoryServiceProvider, class com.almasb.fxgl.ui.FXGLDialogFactoryServiceProvider, class com.almasb.fxgl.audio.AudioPlayer, class com.almasb.fxgl.notification.impl.NotificationServiceProvider, class com.almasb.fxgl.achievement.AchievementService, class com.almasb.fxgl.cutscene.CutsceneService, class com.almasb.fxgl.minigames.MiniGameService, class com.almasb.fxgl.net.NetService, class com.almasb.fxgl.app.services.UpdaterService, class com.almasb.fxgl.dev.DevService]
06:27:15.353 [FXGL Background Thread 3 ] DEBUG Engine               - fontGame: Abel-Regular.ttf
06:27:15.353 [FXGL Background Thread 3 ] DEBUG Engine               - fontMono: TerminalLandMono-Regular.otf
06:27:15.353 [FXGL Background Thread 3 ] DEBUG Engine               - fontSizeScaleUI: 1.0
06:27:15.353 [FXGL Background Thread 3 ] DEBUG Engine               - fontText: Courier-Prime.ttf
06:27:15.353 [FXGL Background Thread 3 ] DEBUG Engine               - fontUI: VarelaRound-Regular.ttf
06:27:15.353 [FXGL Background Thread 3 ] DEBUG Engine               - fullScreen: BooleanProperty [value: false]
06:27:15.353 [FXGL Background Thread 3 ] DEBUG Engine               - gameDifficulty: MEDIUM
06:27:15.353 [FXGL Background Thread 3 ] DEBUG Engine               - gameDifficultyProperty: ObjectProperty [value: MEDIUM]
06:27:15.353 [FXGL Background Thread 3 ] DEBUG Engine               - globalMusicVolume: 0.5
06:27:15.353 [FXGL Background Thread 3 ] DEBUG Engine               - globalMusicVolumeProperty: DoubleProperty [value: 0.5]
06:27:15.353 [FXGL Background Thread 3 ] DEBUG Engine               - globalSoundVolume: 0.5
06:27:15.353 [FXGL Background Thread 3 ] DEBUG Engine               - globalSoundVolumeProperty: DoubleProperty [value: 0.5]
06:27:15.354 [FXGL Background Thread 3 ] DEBUG Engine               - height: 720
06:27:15.354 [FXGL Background Thread 3 ] DEBUG Engine               - is3D: false
06:27:15.354 [FXGL Background Thread 3 ] DEBUG Engine               - isAndroid: false
06:27:15.354 [FXGL Background Thread 3 ] DEBUG Engine               - isBrowser: false
06:27:15.354 [FXGL Background Thread 3 ] DEBUG Engine               - isClickFeedbackEnabled: false
06:27:15.354 [FXGL Background Thread 3 ] DEBUG Engine               - isCloseConfirmation: false
06:27:15.354 [FXGL Background Thread 3 ] DEBUG Engine               - isDesktop: true
06:27:15.354 [FXGL Background Thread 3 ] DEBUG Engine               - isDeveloperMenuEnabled: false
06:27:15.354 [FXGL Background Thread 3 ] DEBUG Engine               - isEmbedded: false
06:27:15.354 [FXGL Background Thread 3 ] DEBUG Engine               - isEntityPreloadEnabled: true
06:27:15.354 [FXGL Background Thread 3 ] DEBUG Engine               - isExperimentalTiledLargeMap: false
06:27:15.354 [FXGL Background Thread 3 ] DEBUG Engine               - isFileSystemWriteAllowed: true
06:27:15.354 [FXGL Background Thread 3 ] DEBUG Engine               - isFullScreenAllowed: true
06:27:15.354 [FXGL Background Thread 3 ] DEBUG Engine               - isFullScreenFromStart: false
06:27:15.354 [FXGL Background Thread 3 ] DEBUG Engine               - isGameMenuEnabled: true
06:27:15.354 [FXGL Background Thread 3 ] DEBUG Engine               - isIOS: false
06:27:15.354 [FXGL Background Thread 3 ] DEBUG Engine               - isIntroEnabled: false
06:27:15.354 [FXGL Background Thread 3 ] DEBUG Engine               - isLinux: false
06:27:15.354 [FXGL Background Thread 3 ] DEBUG Engine               - isMac: false
06:27:15.354 [FXGL Background Thread 3 ] DEBUG Engine               - isMainMenuEnabled: true
06:27:15.354 [FXGL Background Thread 3 ] DEBUG Engine               - isManualResizeEnabled: false
06:27:15.354 [FXGL Background Thread 3 ] DEBUG Engine               - isMobile: false
06:27:15.354 [FXGL Background Thread 3 ] DEBUG Engine               - isNative: false
06:27:15.354 [FXGL Background Thread 3 ] DEBUG Engine               - isPauseMusicWhenMinimized: true
06:27:15.354 [FXGL Background Thread 3 ] DEBUG Engine               - isPreserveResizeRatio: false
06:27:15.354 [FXGL Background Thread 3 ] DEBUG Engine               - isProfilingEnabled: false
06:27:15.354 [FXGL Background Thread 3 ] DEBUG Engine               - isScaleAffectedOnResize: true
06:27:15.354 [FXGL Background Thread 3 ] DEBUG Engine               - isSingleStep: false
06:27:15.354 [FXGL Background Thread 3 ] DEBUG Engine               - isUserProfileEnabled: false
06:27:15.354 [FXGL Background Thread 3 ] DEBUG Engine               - isWindows: true
06:27:15.354 [FXGL Background Thread 3 ] DEBUG Engine               - language: ObjectProperty [value: ENGLISH]
06:27:15.354 [FXGL Background Thread 3 ] DEBUG Engine               - menuKey: ESCAPE
06:27:15.354 [FXGL Background Thread 3 ] DEBUG Engine               - mouseSensitivity: 0.2
06:27:15.354 [FXGL Background Thread 3 ] DEBUG Engine               - notificationViewClass: class com.almasb.fxgl.notification.view.XboxNotificationView
06:27:15.354 [FXGL Background Thread 3 ] DEBUG Engine               - pixelsPerMeter: 50.0
06:27:15.354 [FXGL Background Thread 3 ] DEBUG Engine               - platform: WINDOWS
06:27:15.354 [FXGL Background Thread 3 ] DEBUG Engine               - prefHeightProperty: ReadOnlyDoubleProperty [value: 720.0]
06:27:15.354 [FXGL Background Thread 3 ] DEBUG Engine               - prefWidthProperty: ReadOnlyDoubleProperty [value: 1280.0]
06:27:15.354 [FXGL Background Thread 3 ] DEBUG Engine               - profileDir: profiles/
06:27:15.354 [FXGL Background Thread 3 ] DEBUG Engine               - profileName: StringProperty [value: DEFAULT]
06:27:15.354 [FXGL Background Thread 3 ] DEBUG Engine               - randomSeed: -1
06:27:15.355 [FXGL Background Thread 3 ] DEBUG Engine               - runtimeInfo: RuntimeInfo(platform=WINDOWS, version=21.1, build=26.03.2024 17.33)
06:27:15.355 [FXGL Background Thread 3 ] DEBUG Engine               - saveFileExt: sav
06:27:15.355 [FXGL Background Thread 3 ] DEBUG Engine               - scaledHeightProp$fxgl: DoubleProperty [bound, value: 720.0]
06:27:15.355 [FXGL Background Thread 3 ] DEBUG Engine               - scaledWidthProp$fxgl: DoubleProperty [bound, value: 1280.0]
06:27:15.355 [FXGL Background Thread 3 ] DEBUG Engine               - sceneFactory: com.almasb.fxgl.app.scene.SceneFactory@4e9362d6
06:27:15.355 [FXGL Background Thread 3 ] DEBUG Engine               - secondsIn24h: 60
06:27:15.355 [FXGL Background Thread 3 ] DEBUG Engine               - soundMenuBack: menu/back.wav
06:27:15.355 [FXGL Background Thread 3 ] DEBUG Engine               - soundMenuPress: menu/press.wav
06:27:15.355 [FXGL Background Thread 3 ] DEBUG Engine               - soundMenuSelect: menu/select.wav
06:27:15.355 [FXGL Background Thread 3 ] DEBUG Engine               - soundNotification: core/notification.wav
06:27:15.355 [FXGL Background Thread 3 ] DEBUG Engine               - stageStyle: DECORATED
06:27:15.355 [FXGL Background Thread 3 ] DEBUG Engine               - supportedLanguages: [ENGLISH, FRENCH, GERMAN, HUNGARIAN, RUSSIAN]
06:27:15.355 [FXGL Background Thread 3 ] DEBUG Engine               - ticksPerSecond: -1
06:27:15.355 [FXGL Background Thread 3 ] DEBUG Engine               - title: Royal War
06:27:15.355 [FXGL Background Thread 3 ] DEBUG Engine               - urlGithub: https://github.com/AlmasB/FXGL
06:27:15.355 [FXGL Background Thread 3 ] DEBUG Engine               - urlLeaderboard: http://fxgl-top.herokuapp.com/
06:27:15.355 [FXGL Background Thread 3 ] DEBUG Engine               - urlPOM: https://raw.githubusercontent.com/AlmasB/FXGL/release/README.md
06:27:15.355 [FXGL Background Thread 3 ] DEBUG Engine               - userAppClass: class Main
06:27:15.355 [FXGL Background Thread 3 ] DEBUG Engine               - version: 0.1
06:27:15.355 [FXGL Background Thread 3 ] DEBUG Engine               - versionCheckDays: 7
06:27:15.355 [FXGL Background Thread 3 ] DEBUG Engine               - width: 1280
06:27:15.355 [FXGL Background Thread 3 ] DEBUG Engine               - Logging services
06:27:15.355 [FXGL Background Thread 3 ] DEBUG Engine               - class com.almasb.fxgl.app.services.FXGLAssetLoaderService
06:27:15.355 [FXGL Background Thread 3 ] DEBUG Engine               - class com.almasb.fxgl.app.FXGLApplication$GameApplicationService
06:27:15.355 [FXGL Background Thread 3 ] DEBUG Engine               - class com.almasb.fxgl.app.services.FXGLDialogService
06:27:15.355 [FXGL Background Thread 3 ] DEBUG Engine               - class com.almasb.fxgl.app.services.IOTaskExecutorService
06:27:15.355 [FXGL Background Thread 3 ] DEBUG Engine               - class com.almasb.fxgl.io.FileSystemService
06:27:15.355 [FXGL Background Thread 3 ] DEBUG Engine               - class com.almasb.fxgl.localization.LocalizationService
06:27:15.355 [FXGL Background Thread 3 ] DEBUG Engine               - class com.almasb.fxgl.app.services.SystemBundleService
06:27:15.355 [FXGL Background Thread 3 ] DEBUG Engine               - class com.almasb.fxgl.profile.SaveLoadService
06:27:15.355 [FXGL Background Thread 3 ] DEBUG Engine               - class com.almasb.fxgl.ui.FXGLUIFactoryServiceProvider
06:27:15.355 [FXGL Background Thread 3 ] DEBUG Engine               - class com.almasb.fxgl.ui.FXGLDialogFactoryServiceProvider
06:27:15.355 [FXGL Background Thread 3 ] DEBUG Engine               - class com.almasb.fxgl.audio.AudioPlayer
06:27:15.355 [FXGL Background Thread 3 ] DEBUG Engine               - class com.almasb.fxgl.notification.impl.NotificationServiceProvider
06:27:15.355 [FXGL Background Thread 3 ] DEBUG Engine               - class com.almasb.fxgl.achievement.AchievementService
06:27:15.355 [FXGL Background Thread 3 ] DEBUG Engine               - class com.almasb.fxgl.cutscene.CutsceneService
06:27:15.355 [FXGL Background Thread 3 ] DEBUG Engine               - class com.almasb.fxgl.minigames.MiniGameService
06:27:15.355 [FXGL Background Thread 3 ] DEBUG Engine               - class com.almasb.fxgl.net.NetService
06:27:15.355 [FXGL Background Thread 3 ] DEBUG Engine               - class com.almasb.fxgl.app.services.UpdaterService
06:27:15.355 [FXGL Background Thread 3 ] DEBUG Engine               - class com.almasb.fxgl.dev.DevService
06:27:40.084 [JavaFX Application Thread] DEBUG FXGLApplication      - Exiting FXGL
06:27:40.084 [JavaFX Application Thread] DEBUG LoopRunner           - Stopping loop
06:27:40.084 [JavaFX Application Thread] DEBUG SystemBundleService  - Saving FXGL system data
06:27:40.086 [JavaFX Application Thread] DEBUG FileSystemAccess     - Writing to: C:\Users\ClivkRayaneh\Desktop\projest\game AP\RoyalWar\system\fxgl.bundle
06:27:40.087 [JavaFX Application Thread] DEBUG Async                - Shutting down background threads
06:27:40.087 [JavaFX Application Thread] DEBUG PrimaryStageWindow   - Closing main window
06:27:40.113 [JavaFX Application Thread] DEBUG Logger               - Closing Logger
