14:53:37.531 [main                     ] DEBUG Logger               - Configured Logger
14:53:37.548 [main                     ] DEBUG GameApplication      - Logging settings
Title: Royal War
Version: 0.1
Width: 1280
Height: 720
Fullscreen: true
Intro: false
Profiling: false
Single step:false
App Mode: DEVELOPER
Menu Key: ESCAPE
Stage Style: DECORATED
Scene Factory: class com.almasb.fxgl.app.scene.SceneFactory

14:53:38.849 [JavaFX Application Thread] DEBUG FXGLApplication      - Initializing FXGL
14:53:38.853 [JavaFX Application Thread] INFO  Engine               - FXGL-21.1 (26.03.2024 17.33) on WINDOWS (J:24.0.1 FX:21.0.1)
14:53:38.853 [JavaFX Application Thread] DEBUG Engine               - JRE Vendor Name: Oracle Corporation
14:53:38.853 [JavaFX Application Thread] DEBUG Engine               - Running on OS: Windows 11 version 10.0
14:53:38.853 [JavaFX Application Thread] DEBUG Engine               - Architecture: amd64
14:53:38.853 [JavaFX Application Thread] INFO  Engine               - Source code and latest versions at: https://github.com/AlmasB/FXGL
14:53:38.853 [JavaFX Application Thread] INFO  Engine               -       Ask questions and discuss at: https://github.com/AlmasB/FXGL/discussions
14:53:38.853 [JavaFX Application Thread] INFO  Engine               -              Join the FXGL chat at: https://gitter.im/AlmasB/FXGL
14:53:39.024 [JavaFX Application Thread] DEBUG PrimaryStageWindow   - Creating a JavaFX scene
14:53:39.102 [JavaFX Application Thread] DEBUG PrimaryStageWindow   - Target settings size: 1280.0 x 720.0
14:53:39.102 [JavaFX Application Thread] DEBUG PrimaryStageWindow   - Scaled scene size:    1280.0 x 720.0
14:53:39.103 [JavaFX Application Thread] DEBUG PrimaryStageWindow   - Scaled ratio: (1.0, 1.0)
14:53:39.105 [JavaFX Application Thread] DEBUG PrimaryStageWindow   - Set initial scene to FXGLStartupScene
14:53:39.132 [JavaFX Application Thread] DEBUG PrimaryStageWindow   - Opening main window
14:53:39.294 [JavaFX Application Thread] DEBUG PrimaryStageWindow   - Window border size: (14.4000244140625, 37.5999755859375)
14:53:39.295 [JavaFX Application Thread] DEBUG PrimaryStageWindow   - Scaled size: 1280.0 x 720.0
14:53:39.295 [JavaFX Application Thread] DEBUG PrimaryStageWindow   - Scaled ratio: (1.0, 1.0)
14:53:39.295 [JavaFX Application Thread] DEBUG PrimaryStageWindow   - Scene size: 1280.0 x 720.0
14:53:39.295 [JavaFX Application Thread] DEBUG PrimaryStageWindow   - Stage size: 1294.4000244140625 x 757.5999755859375
14:53:39.309 [FXGL Background Thread 1 ] DEBUG Engine               - Initializing environment variables
14:53:39.487 [FXGL Background Thread 1 ] DEBUG FXGLAssetLoaderServi - User app class for loading assets: class Main
14:53:39.488 [FXGL Background Thread 1 ] DEBUG GameApplicationServi - Applying CSS: fxgl_dark.css
14:53:39.488 [FXGL Background Thread 1 ] DEBUG FXGLAssetLoaderServi - Loading from file system: jar:file:/C:/Users/ClivkRayaneh/Desktop/fxgl-21.1-uber.jar!/fxglassets/ui/css/fxgl_dark.css
14:53:39.577 [FXGL Background Thread 1 ] DEBUG GameApplicationServi - Initializing application scenes
14:53:39.706 [FXGL Background Thread 1 ] DEBUG GameWorld            - Game world initialized
14:53:39.763 [FXGL Background Thread 1 ] DEBUG PhysicsWorld         - Physics world initialized: appHeight=720, physics.ppm=50.0
14:53:39.764 [FXGL Background Thread 1 ] DEBUG PhysicsWorld         - Using strategy: BRUTE_FORCE
14:53:39.773 [FXGL Background Thread 1 ] DEBUG GameScene            - Game scene initialized: 1280x720
14:53:39.791 [FXGL Background Thread 1 ] DEBUG FXGL.DefaultMenu     - createMenuBodyMainMenu()
14:53:39.811 [FXGL Background Thread 1 ] DEBUG FXGL.DefaultMenu     - createOptionsMenu()
14:53:39.833 [FXGL Background Thread 1 ] DEBUG FXGLAssetLoaderServi - Loading from file system: jar:file:/C:/Users/ClivkRayaneh/Desktop/fxgl-21.1-uber.jar!/fxglassets/textures/particles/smoke.png
14:53:39.998 [FXGL Background Thread 1 ] DEBUG FXGLAssetLoaderServi - Loading from file system: jar:file:/C:/Users/ClivkRayaneh/Desktop/fxgl-21.1-uber.jar!/fxglassets/textures/particles/trace_horizontal.png
14:53:40.039 [FXGL Background Thread 1 ] DEBUG FXGL.DefaultMenu     - createMenuBodyGameMenu()
14:53:40.042 [FXGL Background Thread 1 ] DEBUG FXGL.DefaultMenu     - createOptionsMenu()
14:53:40.069 [FXGL Background Thread 1 ] DEBUG GameApplicationServi - Application scenes initialized
14:53:40.119 [FXGL Background Thread 1 ] DEBUG SystemBundleService  - Loading FXGL system data
14:53:40.120 [FXGL Background Thread 1 ] DEBUG FileSystemAccess     - Reading from: C:\Users\ClivkRayaneh\Desktop\projest\game AP\RoyalWar\system\fxgl.bundle
14:53:40.125 [FXGL Background Thread 1 ] DEBUG SystemBundleService  - Bundle FXGL: {}
14:53:40.125 [FXGL Background Thread 1 ] DEBUG UpdaterService       - Checking for updates
14:53:40.129 [FXGL Background Thread 4 ] DEBUG FXGLApplication      - Loading fonts
14:53:40.129 [FXGL Background Thread 4 ] DEBUG FXGLAssetLoaderServi - Loading from file system: jar:file:/C:/Users/ClivkRayaneh/Desktop/fxgl-21.1-uber.jar!/fxglassets/ui/fonts/VarelaRound-Regular.ttf
14:53:40.130 [FXGL Background Thread 1 ] DEBUG FXGLApplication      - Loading default localization
14:53:40.131 [FXGL Background Thread 1 ] DEBUG FXGLAssetLoaderServi - Loading from file system: jar:file:/C:/Users/ClivkRayaneh/Desktop/fxgl-21.1-uber.jar!/fxglassets/languages/english.lang
14:53:40.143 [FXGL Background Thread 4 ] DEBUG FXGLAssetLoaderServi - Loading from file system: jar:file:/C:/Users/ClivkRayaneh/Desktop/fxgl-21.1-uber.jar!/fxglassets/ui/fonts/Abel-Regular.ttf
14:53:40.148 [FXGL Background Thread 4 ] DEBUG FXGLAssetLoaderServi - Loading from file system: jar:file:/C:/Users/ClivkRayaneh/Desktop/fxgl-21.1-uber.jar!/fxglassets/ui/fonts/TerminalLandMono-Regular.otf
14:53:40.153 [FXGL Background Thread 4 ] DEBUG FXGLAssetLoaderServi - Loading from file system: jar:file:/C:/Users/ClivkRayaneh/Desktop/fxgl-21.1-uber.jar!/fxglassets/ui/fonts/Courier-Prime.ttf
14:53:40.166 [JavaFX Application Thread] DEBUG FXGLApplication      - Registering font factories with UI factory
14:53:40.242 [FXGL Background Thread 1 ] INFO  FXGLApplication      - FXGL initialization took: 0.932 sec
14:53:40.252 [JavaFX Application Thread] DEBUG Input                - Registered new binding: action0 - D
14:53:40.252 [JavaFX Application Thread] DEBUG Input                - Registered new binding: action1 - A
14:53:40.253 [JavaFX Application Thread] DEBUG Input                - Registered new binding: action2 - W
14:53:40.253 [JavaFX Application Thread] DEBUG Input                - Registered new binding: action3 - S
14:53:40.253 [JavaFX Application Thread] DEBUG Input                - Registered new binding: action4 - Right
14:53:40.254 [JavaFX Application Thread] DEBUG Input                - Registered new binding: action5 - Left
14:53:40.254 [JavaFX Application Thread] DEBUG Input                - Registered new binding: action6 - Up
14:53:40.255 [JavaFX Application Thread] DEBUG Input                - Registered new binding: action7 - Down
14:53:40.256 [JavaFX Application Thread] DEBUG FXGLAssetLoaderServi - Loading from file system: file:/C:/Users/ClivkRayaneh/Desktop/projest/game%20AP/RoyalWar/out/production/RoyalWar/assets/textures/app.png
14:53:40.354 [JavaFX Application Thread] DEBUG FXGLAssetLoaderServi - Loading from file system: jar:file:/C:/Users/ClivkRayaneh/Desktop/fxgl-21.1-uber.jar!/fxglassets/textures/fxgl_default_cursor.png
14:53:40.360 [JavaFX Application Thread] DEBUG Input                - Registered new binding: Screenshot - CTRL+8
14:53:40.363 [JavaFX Application Thread] DEBUG Input                - Registered new binding: System info dump - CTRL+9
14:53:40.365 [JavaFX Application Thread] DEBUG Input                - Registered new binding: Restart - CTRL+R
14:53:40.370 [JavaFX Application Thread] DEBUG Input                - Registered new binding: Toggle Debug Camera - CTRL+7
14:53:40.389 [JavaFX Application Thread] DEBUG LoopRunner           - Starting loop
14:53:40.389 [JavaFX Application Thread] DEBUG LoopRunner           - Initializing JavaFX AnimationTimerLoop
14:53:40.394 [JavaFX Application Thread] DEBUG Input                - Clearing active input actions
14:53:40.407 [JavaFX Application Thread] DEBUG GameApplicationServi - Removing overlay from FXGLStartupScene and adding to FXGLMainMenuDummyScene
14:53:40.407 [JavaFX Application Thread] DEBUG PrimaryStageWindow   - FXGLStartupScene -> FXGLMainMenuDummyScene
14:53:40.408 [JavaFX Application Thread] DEBUG PrimaryStageWindow   - Push state: FXGLDefaultMenu
14:53:40.419 [JavaFX Application Thread] DEBUG Input                - Clearing active input actions
14:53:40.430 [JavaFX Application Thread] DEBUG GameApplicationServi - Removing overlay from FXGLMainMenuDummyScene and adding to FXGLDefaultMenu
14:53:40.431 [JavaFX Application Thread] DEBUG PrimaryStageWindow   - FXGLMainMenuDummyScene -> FXGLDefaultMenu
14:53:40.792 [FXGL Background Thread 2 ] WARN  UpdaterService       - Failed to find updates: javax.net.ssl.SSLHandshakeException: Remote host terminated the handshake
14:53:43.129 [FXGL Background Thread 3 ] DEBUG Engine               - Logging environment variables
14:53:43.129 [FXGL Background Thread 3 ] DEBUG Engine               - achievements: []
14:53:43.129 [FXGL Background Thread 3 ] DEBUG Engine               - actualHeight: 720.0
14:53:43.129 [FXGL Background Thread 3 ] DEBUG Engine               - actualHeightProperty: ReadOnlyDoubleProperty [value: 720.0]
14:53:43.129 [FXGL Background Thread 3 ] DEBUG Engine               - actualWidth: 1280.0
14:53:43.129 [FXGL Background Thread 3 ] DEBUG Engine               - actualWidthProperty: ReadOnlyDoubleProperty [value: 1280.0]
14:53:43.129 [FXGL Background Thread 3 ] DEBUG Engine               - appIcon: app.png
14:53:43.129 [FXGL Background Thread 3 ] DEBUG Engine               - applicationMode: DEVELOPER
14:53:43.129 [FXGL Background Thread 3 ] DEBUG Engine               - cSSList: [fxgl_dark.css]
14:53:43.129 [FXGL Background Thread 3 ] DEBUG Engine               - collisionDetectionStrategy: BRUTE_FORCE
14:53:43.129 [FXGL Background Thread 3 ] DEBUG Engine               - configClass: Optional.empty
14:53:43.129 [FXGL Background Thread 3 ] DEBUG Engine               - credits: []
14:53:43.130 [FXGL Background Thread 3 ] DEBUG Engine               - defaultCursor: CursorInfo(imageName=fxgl_default_cursor.png, hotspotX=7.0, hotspotY=6.0)
14:53:43.130 [FXGL Background Thread 3 ] DEBUG Engine               - devBBoxColorProperty: ObjectProperty [value: 0xff0000ff]
14:53:43.130 [FXGL Background Thread 3 ] DEBUG Engine               - devEnableDebugCameraProperty: BooleanProperty [value: false]
14:53:43.130 [FXGL Background Thread 3 ] DEBUG Engine               - devSensorColorProperty: ObjectProperty [value: 0xffff00ff]
14:53:43.130 [FXGL Background Thread 3 ] DEBUG Engine               - devShowBBoxProperty: BooleanProperty [value: false]
14:53:43.130 [FXGL Background Thread 3 ] DEBUG Engine               - devShowPositionProperty: BooleanProperty [value: false]
14:53:43.134 [FXGL Background Thread 3 ] DEBUG Engine               - enabledMenuItems: []
14:53:43.134 [FXGL Background Thread 3 ] DEBUG Engine               - engineServices: [class com.almasb.fxgl.app.services.FXGLAssetLoaderService, class com.almasb.fxgl.app.FXGLApplication$GameApplicationService, class com.almasb.fxgl.app.services.FXGLDialogService, class com.almasb.fxgl.app.services.IOTaskExecutorService, class com.almasb.fxgl.io.FileSystemService, class com.almasb.fxgl.localization.LocalizationService, class com.almasb.fxgl.app.services.SystemBundleService, class com.almasb.fxgl.profile.SaveLoadService, class com.almasb.fxgl.ui.FXGLUIFactoryServiceProvider, class com.almasb.fxgl.ui.FXGLDialogFactoryServiceProvider, class com.almasb.fxgl.audio.AudioPlayer, class com.almasb.fxgl.notification.impl.NotificationServiceProvider, class com.almasb.fxgl.achievement.AchievementService, class com.almasb.fxgl.cutscene.CutsceneService, class com.almasb.fxgl.minigames.MiniGameService, class com.almasb.fxgl.net.NetService, class com.almasb.fxgl.app.services.UpdaterService, class com.almasb.fxgl.dev.DevService]
14:53:43.134 [FXGL Background Thread 3 ] DEBUG Engine               - fontGame: Abel-Regular.ttf
14:53:43.134 [FXGL Background Thread 3 ] DEBUG Engine               - fontMono: TerminalLandMono-Regular.otf
14:53:43.134 [FXGL Background Thread 3 ] DEBUG Engine               - fontSizeScaleUI: 1.0
14:53:43.134 [FXGL Background Thread 3 ] DEBUG Engine               - fontText: Courier-Prime.ttf
14:53:43.134 [FXGL Background Thread 3 ] DEBUG Engine               - fontUI: VarelaRound-Regular.ttf
14:53:43.134 [FXGL Background Thread 3 ] DEBUG Engine               - fullScreen: BooleanProperty [value: false]
14:53:43.134 [FXGL Background Thread 3 ] DEBUG Engine               - gameDifficulty: MEDIUM
14:53:43.134 [FXGL Background Thread 3 ] DEBUG Engine               - gameDifficultyProperty: ObjectProperty [value: MEDIUM]
14:53:43.134 [FXGL Background Thread 3 ] DEBUG Engine               - globalMusicVolume: 0.5
14:53:43.134 [FXGL Background Thread 3 ] DEBUG Engine               - globalMusicVolumeProperty: DoubleProperty [value: 0.5]
14:53:43.134 [FXGL Background Thread 3 ] DEBUG Engine               - globalSoundVolume: 0.5
14:53:43.134 [FXGL Background Thread 3 ] DEBUG Engine               - globalSoundVolumeProperty: DoubleProperty [value: 0.5]
14:53:43.135 [FXGL Background Thread 3 ] DEBUG Engine               - height: 720
14:53:43.135 [FXGL Background Thread 3 ] DEBUG Engine               - is3D: false
14:53:43.135 [FXGL Background Thread 3 ] DEBUG Engine               - isAndroid: false
14:53:43.135 [FXGL Background Thread 3 ] DEBUG Engine               - isBrowser: false
14:53:43.135 [FXGL Background Thread 3 ] DEBUG Engine               - isClickFeedbackEnabled: false
14:53:43.135 [FXGL Background Thread 3 ] DEBUG Engine               - isCloseConfirmation: false
14:53:43.135 [FXGL Background Thread 3 ] DEBUG Engine               - isDesktop: true
14:53:43.135 [FXGL Background Thread 3 ] DEBUG Engine               - isDeveloperMenuEnabled: false
14:53:43.135 [FXGL Background Thread 3 ] DEBUG Engine               - isEmbedded: false
14:53:43.135 [FXGL Background Thread 3 ] DEBUG Engine               - isEntityPreloadEnabled: true
14:53:43.135 [FXGL Background Thread 3 ] DEBUG Engine               - isExperimentalTiledLargeMap: false
14:53:43.135 [FXGL Background Thread 3 ] DEBUG Engine               - isFileSystemWriteAllowed: true
14:53:43.135 [FXGL Background Thread 3 ] DEBUG Engine               - isFullScreenAllowed: true
14:53:43.135 [FXGL Background Thread 3 ] DEBUG Engine               - isFullScreenFromStart: false
14:53:43.135 [FXGL Background Thread 3 ] DEBUG Engine               - isGameMenuEnabled: true
14:53:43.135 [FXGL Background Thread 3 ] DEBUG Engine               - isIOS: false
14:53:43.135 [FXGL Background Thread 3 ] DEBUG Engine               - isIntroEnabled: false
14:53:43.135 [FXGL Background Thread 3 ] DEBUG Engine               - isLinux: false
14:53:43.135 [FXGL Background Thread 3 ] DEBUG Engine               - isMac: false
14:53:43.135 [FXGL Background Thread 3 ] DEBUG Engine               - isMainMenuEnabled: true
14:53:43.135 [FXGL Background Thread 3 ] DEBUG Engine               - isManualResizeEnabled: false
14:53:43.135 [FXGL Background Thread 3 ] DEBUG Engine               - isMobile: false
14:53:43.135 [FXGL Background Thread 3 ] DEBUG Engine               - isNative: false
14:53:43.135 [FXGL Background Thread 3 ] DEBUG Engine               - isPauseMusicWhenMinimized: true
14:53:43.135 [FXGL Background Thread 3 ] DEBUG Engine               - isPreserveResizeRatio: false
14:53:43.135 [FXGL Background Thread 3 ] DEBUG Engine               - isProfilingEnabled: false
14:53:43.135 [FXGL Background Thread 3 ] DEBUG Engine               - isScaleAffectedOnResize: true
14:53:43.135 [FXGL Background Thread 3 ] DEBUG Engine               - isSingleStep: false
14:53:43.135 [FXGL Background Thread 3 ] DEBUG Engine               - isUserProfileEnabled: false
14:53:43.135 [FXGL Background Thread 3 ] DEBUG Engine               - isWindows: true
14:53:43.135 [FXGL Background Thread 3 ] DEBUG Engine               - language: ObjectProperty [value: ENGLISH]
14:53:43.135 [FXGL Background Thread 3 ] DEBUG Engine               - menuKey: ESCAPE
14:53:43.135 [FXGL Background Thread 3 ] DEBUG Engine               - mouseSensitivity: 0.2
14:53:43.136 [FXGL Background Thread 3 ] DEBUG Engine               - notificationViewClass: class com.almasb.fxgl.notification.view.XboxNotificationView
14:53:43.136 [FXGL Background Thread 3 ] DEBUG Engine               - pixelsPerMeter: 50.0
14:53:43.136 [FXGL Background Thread 3 ] DEBUG Engine               - platform: WINDOWS
14:53:43.136 [FXGL Background Thread 3 ] DEBUG Engine               - prefHeightProperty: ReadOnlyDoubleProperty [value: 720.0]
14:53:43.136 [FXGL Background Thread 3 ] DEBUG Engine               - prefWidthProperty: ReadOnlyDoubleProperty [value: 1280.0]
14:53:43.136 [FXGL Background Thread 3 ] DEBUG Engine               - profileDir: profiles/
14:53:43.136 [FXGL Background Thread 3 ] DEBUG Engine               - profileName: StringProperty [value: DEFAULT]
14:53:43.136 [FXGL Background Thread 3 ] DEBUG Engine               - randomSeed: -1
14:53:43.136 [FXGL Background Thread 3 ] DEBUG Engine               - runtimeInfo: RuntimeInfo(platform=WINDOWS, version=21.1, build=26.03.2024 17.33)
14:53:43.136 [FXGL Background Thread 3 ] DEBUG Engine               - saveFileExt: sav
14:53:43.136 [FXGL Background Thread 3 ] DEBUG Engine               - scaledHeightProp$fxgl: DoubleProperty [bound, value: 720.0]
14:53:43.136 [FXGL Background Thread 3 ] DEBUG Engine               - scaledWidthProp$fxgl: DoubleProperty [bound, value: 1280.0]
14:53:43.136 [FXGL Background Thread 3 ] DEBUG Engine               - sceneFactory: com.almasb.fxgl.app.scene.SceneFactory@164ab793
14:53:43.136 [FXGL Background Thread 3 ] DEBUG Engine               - secondsIn24h: 60
14:53:43.137 [FXGL Background Thread 3 ] DEBUG Engine               - soundMenuBack: menu/back.wav
14:53:43.137 [FXGL Background Thread 3 ] DEBUG Engine               - soundMenuPress: menu/press.wav
14:53:43.137 [FXGL Background Thread 3 ] DEBUG Engine               - soundMenuSelect: menu/select.wav
14:53:43.137 [FXGL Background Thread 3 ] DEBUG Engine               - soundNotification: core/notification.wav
14:53:43.137 [FXGL Background Thread 3 ] DEBUG Engine               - stageStyle: DECORATED
14:53:43.137 [FXGL Background Thread 3 ] DEBUG Engine               - supportedLanguages: [ENGLISH, FRENCH, GERMAN, HUNGARIAN, RUSSIAN]
14:53:43.137 [FXGL Background Thread 3 ] DEBUG Engine               - ticksPerSecond: -1
14:53:43.137 [FXGL Background Thread 3 ] DEBUG Engine               - title: Royal War
14:53:43.137 [FXGL Background Thread 3 ] DEBUG Engine               - urlGithub: https://github.com/AlmasB/FXGL
14:53:43.137 [FXGL Background Thread 3 ] DEBUG Engine               - urlLeaderboard: http://fxgl-top.herokuapp.com/
14:53:43.137 [FXGL Background Thread 3 ] DEBUG Engine               - urlPOM: https://raw.githubusercontent.com/AlmasB/FXGL/release/README.md
14:53:43.137 [FXGL Background Thread 3 ] DEBUG Engine               - userAppClass: class Main
14:53:43.137 [FXGL Background Thread 3 ] DEBUG Engine               - version: 0.1
14:53:43.137 [FXGL Background Thread 3 ] DEBUG Engine               - versionCheckDays: 7
14:53:43.137 [FXGL Background Thread 3 ] DEBUG Engine               - width: 1280
14:53:43.137 [FXGL Background Thread 3 ] DEBUG Engine               - Logging services
14:53:43.137 [FXGL Background Thread 3 ] DEBUG Engine               - class com.almasb.fxgl.app.services.FXGLAssetLoaderService
14:53:43.137 [FXGL Background Thread 3 ] DEBUG Engine               - class com.almasb.fxgl.app.FXGLApplication$GameApplicationService
14:53:43.137 [FXGL Background Thread 3 ] DEBUG Engine               - class com.almasb.fxgl.app.services.FXGLDialogService
14:53:43.137 [FXGL Background Thread 3 ] DEBUG Engine               - class com.almasb.fxgl.app.services.IOTaskExecutorService
14:53:43.137 [FXGL Background Thread 3 ] DEBUG Engine               - class com.almasb.fxgl.io.FileSystemService
14:53:43.137 [FXGL Background Thread 3 ] DEBUG Engine               - class com.almasb.fxgl.localization.LocalizationService
14:53:43.137 [FXGL Background Thread 3 ] DEBUG Engine               - class com.almasb.fxgl.app.services.SystemBundleService
14:53:43.137 [FXGL Background Thread 3 ] DEBUG Engine               - class com.almasb.fxgl.profile.SaveLoadService
14:53:43.137 [FXGL Background Thread 3 ] DEBUG Engine               - class com.almasb.fxgl.ui.FXGLUIFactoryServiceProvider
14:53:43.137 [FXGL Background Thread 3 ] DEBUG Engine               - class com.almasb.fxgl.ui.FXGLDialogFactoryServiceProvider
14:53:43.137 [FXGL Background Thread 3 ] DEBUG Engine               - class com.almasb.fxgl.audio.AudioPlayer
14:53:43.137 [FXGL Background Thread 3 ] DEBUG Engine               - class com.almasb.fxgl.notification.impl.NotificationServiceProvider
14:53:43.138 [FXGL Background Thread 3 ] DEBUG Engine               - class com.almasb.fxgl.achievement.AchievementService
14:53:43.138 [FXGL Background Thread 3 ] DEBUG Engine               - class com.almasb.fxgl.cutscene.CutsceneService
14:53:43.138 [FXGL Background Thread 3 ] DEBUG Engine               - class com.almasb.fxgl.minigames.MiniGameService
14:53:43.138 [FXGL Background Thread 3 ] DEBUG Engine               - class com.almasb.fxgl.net.NetService
14:53:43.138 [FXGL Background Thread 3 ] DEBUG Engine               - class com.almasb.fxgl.app.services.UpdaterService
14:53:43.138 [FXGL Background Thread 3 ] DEBUG Engine               - class com.almasb.fxgl.dev.DevService
14:53:45.172 [JavaFX Application Thread] DEBUG Menu                 - fireNewGame()
14:53:45.172 [JavaFX Application Thread] DEBUG GameApplicationServi - Starting new game
14:53:45.191 [JavaFX Application Thread] DEBUG PrimaryStageWindow   - Pop state: FXGLDefaultMenu
14:53:45.191 [JavaFX Application Thread] DEBUG Input                - Clearing active input actions
14:53:45.192 [JavaFX Application Thread] DEBUG GameApplicationServi - Removing overlay from FXGLDefaultMenu and adding to FXGLMainMenuDummyScene
14:53:45.195 [JavaFX Application Thread] DEBUG PrimaryStageWindow   - FXGLMainMenuDummyScene <- FXGLDefaultMenu
14:53:45.197 [JavaFX Application Thread] DEBUG Input                - Clearing active input actions
14:53:45.201 [JavaFX Application Thread] DEBUG GameApplicationServi - Removing overlay from FXGLMainMenuDummyScene and adding to FXGLLoadingScene
14:53:45.201 [JavaFX Application Thread] DEBUG PrimaryStageWindow   - FXGLMainMenuDummyScene -> FXGLLoadingScene
14:53:45.201 [JavaFX Application Thread] DEBUG GameApplicationServi - Clearing previous game
14:53:45.201 [JavaFX Application Thread] DEBUG GameScene            - Clearing game scene
14:53:45.201 [JavaFX Application Thread] DEBUG GameWorld            - Clearing game world
14:53:45.201 [JavaFX Application Thread] DEBUG PhysicsWorld         - Clearing physics world
14:53:45.217 [FXGL Background Thread 2 ] DEBUG FXGLApplication      - Initializing game
14:53:45.248 [FXGL Background Thread 2 ] DEBUG FXGLAssetLoaderServi - Loading from file system: file:/C:/Users/ClivkRayaneh/Desktop/projest/game%20AP/RoyalWar/out/production/RoyalWar/assets/textures/player1.png
14:53:45.299 [FXGL Background Thread 2 ] DEBUG FXGLAssetLoaderServi - Loading from file system: file:/C:/Users/ClivkRayaneh/Desktop/projest/game%20AP/RoyalWar/out/production/RoyalWar/assets/textures/player2.png
14:53:45.309 [FXGL Background Thread 2 ] DEBUG FXGLAssetLoaderServi - Loading from file system: file:/C:/Users/ClivkRayaneh/Desktop/projest/game%20AP/RoyalWar/out/production/RoyalWar/assets/textures/monster.png
14:53:45.314 [FXGL Background Thread 2 ] DEBUG FXGLAssetLoaderServi - Loading from file system: file:/C:/Users/ClivkRayaneh/Desktop/projest/game%20AP/RoyalWar/out/production/RoyalWar/assets/textures/mars.png
14:53:45.553 [FXGL Background Thread 2 ] INFO  FXGLApplication      - Game initialization took: 0.335 sec
14:53:45.558 [JavaFX Application Thread] DEBUG Input                - Clearing active input actions
14:53:45.589 [JavaFX Application Thread] DEBUG GameApplicationServi - Removing overlay from FXGLLoadingScene and adding to GameScene
14:53:45.589 [JavaFX Application Thread] DEBUG PrimaryStageWindow   - FXGLLoadingScene -> GameScene
14:54:43.019 [JavaFX Application Thread] DEBUG PrimaryStageWindow   - Push state: DialogSubScene
14:54:43.019 [JavaFX Application Thread] DEBUG Input                - Clearing active input actions
14:54:43.020 [JavaFX Application Thread] DEBUG GameApplicationServi - Removing overlay from GameScene and adding to DialogSubScene
14:54:43.020 [JavaFX Application Thread] DEBUG PrimaryStageWindow   - GameScene -> DialogSubScene
14:54:44.782 [JavaFX Application Thread] DEBUG PrimaryStageWindow   - Pop state: DialogSubScene
14:54:44.783 [JavaFX Application Thread] DEBUG Input                - Clearing active input actions
14:54:44.786 [JavaFX Application Thread] DEBUG GameApplicationServi - Removing overlay from DialogSubScene and adding to GameScene
14:54:44.787 [JavaFX Application Thread] DEBUG PrimaryStageWindow   - GameScene <- DialogSubScene
14:54:44.787 [JavaFX Application Thread] DEBUG Input                - Clearing active input actions
14:54:44.800 [JavaFX Application Thread] DEBUG GameApplicationServi - Removing overlay from GameScene and adding to FXGLMainMenuDummyScene
14:54:44.800 [JavaFX Application Thread] DEBUG PrimaryStageWindow   - GameScene -> FXGLMainMenuDummyScene
14:54:44.800 [JavaFX Application Thread] DEBUG PrimaryStageWindow   - Push state: FXGLDefaultMenu
14:54:44.801 [JavaFX Application Thread] DEBUG Input                - Clearing active input actions
14:54:44.805 [JavaFX Application Thread] DEBUG GameApplicationServi - Removing overlay from FXGLMainMenuDummyScene and adding to FXGLDefaultMenu
14:54:44.806 [JavaFX Application Thread] DEBUG PrimaryStageWindow   - FXGLMainMenuDummyScene -> FXGLDefaultMenu
14:54:46.919 [JavaFX Application Thread] DEBUG Menu                 - fireNewGame()
14:54:46.919 [JavaFX Application Thread] DEBUG GameApplicationServi - Starting new game
14:54:46.920 [JavaFX Application Thread] DEBUG PrimaryStageWindow   - Pop state: FXGLDefaultMenu
14:54:46.920 [JavaFX Application Thread] DEBUG Input                - Clearing active input actions
14:54:46.920 [JavaFX Application Thread] DEBUG GameApplicationServi - Removing overlay from FXGLDefaultMenu and adding to FXGLMainMenuDummyScene
14:54:46.920 [JavaFX Application Thread] DEBUG PrimaryStageWindow   - FXGLMainMenuDummyScene <- FXGLDefaultMenu
14:54:46.920 [JavaFX Application Thread] DEBUG Input                - Clearing active input actions
14:54:46.923 [JavaFX Application Thread] DEBUG GameApplicationServi - Removing overlay from FXGLMainMenuDummyScene and adding to FXGLLoadingScene
14:54:46.923 [JavaFX Application Thread] DEBUG PrimaryStageWindow   - FXGLMainMenuDummyScene -> FXGLLoadingScene
14:54:46.924 [JavaFX Application Thread] DEBUG GameApplicationServi - Clearing previous game
14:54:46.924 [JavaFX Application Thread] DEBUG GameScene            - Clearing game scene
14:54:46.924 [JavaFX Application Thread] DEBUG GameWorld            - Clearing game world
14:54:46.961 [JavaFX Application Thread] DEBUG PhysicsWorld         - Clearing physics world
14:54:46.964 [FXGL Background Thread 5 ] DEBUG FXGLApplication      - Initializing game
14:54:47.036 [FXGL Background Thread 5 ] INFO  FXGLApplication      - Game initialization took: 0.072 sec
14:54:47.039 [JavaFX Application Thread] DEBUG Input                - Clearing active input actions
14:54:47.053 [JavaFX Application Thread] DEBUG GameApplicationServi - Removing overlay from FXGLLoadingScene and adding to GameScene
14:54:47.053 [JavaFX Application Thread] DEBUG PrimaryStageWindow   - FXGLLoadingScene -> GameScene
14:54:49.256 [JavaFX Application Thread] DEBUG PrimaryStageWindow   - Push state: DialogSubScene
14:54:49.256 [JavaFX Application Thread] DEBUG Input                - Clearing active input actions
14:54:49.257 [JavaFX Application Thread] DEBUG GameApplicationServi - Removing overlay from GameScene and adding to DialogSubScene
14:54:49.258 [JavaFX Application Thread] DEBUG PrimaryStageWindow   - GameScene -> DialogSubScene
14:54:54.875 [JavaFX Application Thread] DEBUG PrimaryStageWindow   - Pop state: DialogSubScene
14:54:54.876 [JavaFX Application Thread] DEBUG Input                - Clearing active input actions
14:54:54.877 [JavaFX Application Thread] DEBUG GameApplicationServi - Removing overlay from DialogSubScene and adding to GameScene
14:54:54.879 [JavaFX Application Thread] DEBUG PrimaryStageWindow   - GameScene <- DialogSubScene
14:54:54.879 [JavaFX Application Thread] DEBUG Input                - Clearing active input actions
14:54:54.885 [JavaFX Application Thread] DEBUG GameApplicationServi - Removing overlay from GameScene and adding to FXGLMainMenuDummyScene
14:54:54.885 [JavaFX Application Thread] DEBUG PrimaryStageWindow   - GameScene -> FXGLMainMenuDummyScene
14:54:54.885 [JavaFX Application Thread] DEBUG PrimaryStageWindow   - Push state: FXGLDefaultMenu
14:54:54.885 [JavaFX Application Thread] DEBUG Input                - Clearing active input actions
14:54:54.887 [JavaFX Application Thread] DEBUG GameApplicationServi - Removing overlay from FXGLMainMenuDummyScene and adding to FXGLDefaultMenu
14:54:54.887 [JavaFX Application Thread] DEBUG PrimaryStageWindow   - FXGLMainMenuDummyScene -> FXGLDefaultMenu
14:54:57.677 [JavaFX Application Thread] DEBUG Menu                 - fireExit()
14:54:57.679 [JavaFX Application Thread] DEBUG PrimaryStageWindow   - Push state: DialogSubScene
14:54:57.679 [JavaFX Application Thread] DEBUG Input                - Clearing active input actions
14:54:57.680 [JavaFX Application Thread] DEBUG GameApplicationServi - Removing overlay from FXGLDefaultMenu and adding to DialogSubScene
14:54:57.680 [JavaFX Application Thread] DEBUG PrimaryStageWindow   - FXGLDefaultMenu -> DialogSubScene
14:54:59.170 [JavaFX Application Thread] DEBUG PrimaryStageWindow   - Pop state: DialogSubScene
14:54:59.170 [JavaFX Application Thread] DEBUG Input                - Clearing active input actions
14:54:59.170 [JavaFX Application Thread] DEBUG GameApplicationServi - Removing overlay from DialogSubScene and adding to FXGLDefaultMenu
14:54:59.171 [JavaFX Application Thread] DEBUG PrimaryStageWindow   - FXGLDefaultMenu <- DialogSubScene
14:54:59.171 [JavaFX Application Thread] DEBUG FXGLApplication      - Exiting FXGL
14:54:59.171 [JavaFX Application Thread] DEBUG LoopRunner           - Stopping loop
14:54:59.171 [JavaFX Application Thread] DEBUG SystemBundleService  - Saving FXGL system data
14:54:59.173 [JavaFX Application Thread] DEBUG FileSystemAccess     - Writing to: C:\Users\ClivkRayaneh\Desktop\projest\game AP\RoyalWar\system\fxgl.bundle
14:54:59.175 [JavaFX Application Thread] DEBUG Async                - Shutting down background threads
14:54:59.175 [JavaFX Application Thread] DEBUG PrimaryStageWindow   - Closing main window
14:54:59.192 [JavaFX Application Thread] DEBUG Logger               - Closing Logger
